Archive member included to satisfy reference by file (symbol)

C:/Users/Lucas/.pico-sdk/toolchain/13_3_Rel1/bin/../lib/gcc/arm-none-eabi/13.3.1/thumb/v6-m/nofp\libgcc.a(_dvmd_tls.o)
                              CMakeFiles/SOS_Blinking_Morse_Code.dir/C_/Users/Lucas/.pico-sdk/sdk/2.1.0/src/rp2_common/pico_divider/divider_hardware.S.obj (__aeabi_idiv0)
C:/Users/Lucas/.pico-sdk/toolchain/13_3_Rel1/bin/../lib/gcc/arm-none-eabi/13.3.1/thumb/v6-m/nofp\libg.a(libc_a-calloc.o)
                              CMakeFiles/SOS_Blinking_Morse_Code.dir/C_/Users/Lucas/.pico-sdk/sdk/2.1.0/src/rp2_common/pico_malloc/malloc.c.obj (calloc)
C:/Users/Lucas/.pico-sdk/toolchain/13_3_Rel1/bin/../lib/gcc/arm-none-eabi/13.3.1/thumb/v6-m/nofp\libg.a(libc_a-callocr.o)
                              C:/Users/Lucas/.pico-sdk/toolchain/13_3_Rel1/bin/../lib/gcc/arm-none-eabi/13.3.1/thumb/v6-m/nofp\libg.a(libc_a-calloc.o) (_calloc_r)
C:/Users/Lucas/.pico-sdk/toolchain/13_3_Rel1/bin/../lib/gcc/arm-none-eabi/13.3.1/thumb/v6-m/nofp\libg.a(libc_a-malloc.o)
                              CMakeFiles/SOS_Blinking_Morse_Code.dir/C_/Users/Lucas/.pico-sdk/sdk/2.1.0/src/rp2_common/pico_malloc/malloc.c.obj (malloc)
C:/Users/Lucas/.pico-sdk/toolchain/13_3_Rel1/bin/../lib/gcc/arm-none-eabi/13.3.1/thumb/v6-m/nofp\libg.a(libc_a-mallocr.o)
                              C:/Users/Lucas/.pico-sdk/toolchain/13_3_Rel1/bin/../lib/gcc/arm-none-eabi/13.3.1/thumb/v6-m/nofp\libg.a(libc_a-callocr.o) (_malloc_r)
C:/Users/Lucas/.pico-sdk/toolchain/13_3_Rel1/bin/../lib/gcc/arm-none-eabi/13.3.1/thumb/v6-m/nofp\libg.a(libc_a-mlock.o)
                              C:/Users/Lucas/.pico-sdk/toolchain/13_3_Rel1/bin/../lib/gcc/arm-none-eabi/13.3.1/thumb/v6-m/nofp\libg.a(libc_a-mallocr.o) (__malloc_lock)
C:/Users/Lucas/.pico-sdk/toolchain/13_3_Rel1/bin/../lib/gcc/arm-none-eabi/13.3.1/thumb/v6-m/nofp\libg.a(libc_a-realloc.o)
                              CMakeFiles/SOS_Blinking_Morse_Code.dir/C_/Users/Lucas/.pico-sdk/sdk/2.1.0/src/rp2_common/pico_malloc/malloc.c.obj (realloc)
C:/Users/Lucas/.pico-sdk/toolchain/13_3_Rel1/bin/../lib/gcc/arm-none-eabi/13.3.1/thumb/v6-m/nofp\libg.a(libc_a-reallocr.o)
                              C:/Users/Lucas/.pico-sdk/toolchain/13_3_Rel1/bin/../lib/gcc/arm-none-eabi/13.3.1/thumb/v6-m/nofp\libg.a(libc_a-realloc.o) (_realloc_r)
C:/Users/Lucas/.pico-sdk/toolchain/13_3_Rel1/bin/../lib/gcc/arm-none-eabi/13.3.1/thumb/v6-m/nofp\libg.a(libc_a-memcmp.o)
                              CMakeFiles/SOS_Blinking_Morse_Code.dir/C_/Users/Lucas/.pico-sdk/sdk/2.1.0/src/rp2_common/pico_atomic/atomic.c.obj (memcmp)
C:/Users/Lucas/.pico-sdk/toolchain/13_3_Rel1/bin/../lib/gcc/arm-none-eabi/13.3.1/thumb/v6-m/nofp\libg.a(libc_a-memmove.o)
                              C:/Users/Lucas/.pico-sdk/toolchain/13_3_Rel1/bin/../lib/gcc/arm-none-eabi/13.3.1/thumb/v6-m/nofp\libg.a(libc_a-reallocr.o) (memmove)
C:/Users/Lucas/.pico-sdk/toolchain/13_3_Rel1/bin/../lib/gcc/arm-none-eabi/13.3.1/thumb/v6-m/nofp\libg.a(libc_a-lcltime_r.o)
                              CMakeFiles/SOS_Blinking_Morse_Code.dir/C_/Users/Lucas/.pico-sdk/sdk/2.1.0/src/common/pico_util/datetime.c.obj (localtime_r)
C:/Users/Lucas/.pico-sdk/toolchain/13_3_Rel1/bin/../lib/gcc/arm-none-eabi/13.3.1/thumb/v6-m/nofp\libg.a(libc_a-mktime.o)
                              CMakeFiles/SOS_Blinking_Morse_Code.dir/C_/Users/Lucas/.pico-sdk/sdk/2.1.0/src/common/pico_util/datetime.c.obj (mktime)
C:/Users/Lucas/.pico-sdk/toolchain/13_3_Rel1/bin/../lib/gcc/arm-none-eabi/13.3.1/thumb/v6-m/nofp\libg.a(libc_a-month_lengths.o)
                              C:/Users/Lucas/.pico-sdk/toolchain/13_3_Rel1/bin/../lib/gcc/arm-none-eabi/13.3.1/thumb/v6-m/nofp\libg.a(libc_a-lcltime_r.o) (__month_lengths)
C:/Users/Lucas/.pico-sdk/toolchain/13_3_Rel1/bin/../lib/gcc/arm-none-eabi/13.3.1/thumb/v6-m/nofp\libg.a(libc_a-tzcalc_limits.o)
                              C:/Users/Lucas/.pico-sdk/toolchain/13_3_Rel1/bin/../lib/gcc/arm-none-eabi/13.3.1/thumb/v6-m/nofp\libg.a(libc_a-lcltime_r.o) (__tzcalc_limits)
C:/Users/Lucas/.pico-sdk/toolchain/13_3_Rel1/bin/../lib/gcc/arm-none-eabi/13.3.1/thumb/v6-m/nofp\libg.a(libc_a-tzlock.o)
                              C:/Users/Lucas/.pico-sdk/toolchain/13_3_Rel1/bin/../lib/gcc/arm-none-eabi/13.3.1/thumb/v6-m/nofp\libg.a(libc_a-lcltime_r.o) (__tz_lock)
C:/Users/Lucas/.pico-sdk/toolchain/13_3_Rel1/bin/../lib/gcc/arm-none-eabi/13.3.1/thumb/v6-m/nofp\libg.a(libc_a-tzset.o)
                              C:/Users/Lucas/.pico-sdk/toolchain/13_3_Rel1/bin/../lib/gcc/arm-none-eabi/13.3.1/thumb/v6-m/nofp\libg.a(libc_a-lcltime_r.o) (_tzset_unlocked)
C:/Users/Lucas/.pico-sdk/toolchain/13_3_Rel1/bin/../lib/gcc/arm-none-eabi/13.3.1/thumb/v6-m/nofp\libg.a(libc_a-tzset_r.o)
                              C:/Users/Lucas/.pico-sdk/toolchain/13_3_Rel1/bin/../lib/gcc/arm-none-eabi/13.3.1/thumb/v6-m/nofp\libg.a(libc_a-tzset.o) (_tzset_unlocked_r)
[...]
Memory Configuration

Name             Origin             Length             Attributes
FLASH            0x10000000         0x00200000         xr
RAM              0x20000000         0x00040000         xrw
SCRATCH_X        0x20040000         0x00001000         xrw
SCRATCH_Y        0x20041000         0x00001000         xrw
*default*        0x00000000         0xffffffff

Linker script and memory map

LOAD C:/Users/Lucas/.pico-sdk/toolchain/13_3_Rel1/bin/../lib/gcc/arm-none-eabi/13.3.1/thumb/v6-m/nofp/crti.o
LOAD C:/Users/Lucas/.pico-sdk/toolchain/13_3_Rel1/bin/../lib/gcc/arm-none-eabi/13.3.1/thumb/v6-m/nofp/crtbegin.o
LOAD C:/Users/Lucas/.pico-sdk/toolchain/13_3_Rel1/bin/../lib/gcc/arm-none-eabi/13.3.1/thumb/v6-m/nofp/crt0.o

.flash_begin    0x10000000        0x0
                0x10000000                        __flash_binary_start = .

.boot2          0x10000000      0x100
                0x10000000                        __boot2_start__ = .
 *(.boot2)
 .boot2         0x10000000      0x100 pico-sdk/src/rp2040/boot_stage2/CMakeFiles/bs2_default_library.dir/./bs2_default_padded_checksummed.S.obj
                0x10000100                        __boot2_end__ = .
                0x00000001                        ASSERT (((__boot2_end__ - __boot2_start__) == 0x100), ERROR: Pico second stage bootloader must be 256 bytes in size)

.text           0x10000100     0x1694
                0x10000100                        __logical_binary_start = .
 *(.vectors)
 .vectors       0x10000100       0xd4 CMakeFiles/SOS_Blinking_Morse_Code.dir/C_/Users/Lucas/.pico-sdk/sdk/2.1.0/src/rp2_common/pico_crt0/crt0.S.obj
                0x10000100                __VECTOR_TABLE
                0x10000100                __vectors
                0x100001c0                isr_invalid
                0x100001c0                __default_isrs_start
                0x100001c2                isr_nmi
                0x100001c4                isr_hardfault
                0x100001c6                isr_svcall
                0x100001c8                isr_pendsv
                0x100001ca                isr_systick
                0x100001cc                isr_irq23
                0x100001cc                isr_irq18
                0x100001cc                isr_irq11
                0x100001cc                isr_irq28
                0x100001cc                isr_irq19
                0x100001cc                isr_irq0
                0x100001cc                isr_irq6
                0x100001cc                isr_irq5
                0x100001cc                isr_irq12
                0x100001cc                isr_irq22
                0x100001cc                isr_irq31
                0x100001cc                isr_irq17
                0x100001cc                isr_irq27
                0x100001cc                isr_irq30
                0x100001cc                isr_irq2
                0x100001cc                isr_irq10
                0x100001cc                isr_irq8
                0x100001cc                isr_irq24
                0x100001cc                isr_irq1
                0x100001cc                isr_irq7
                0x100001cc                isr_irq21
                0x100001cc                isr_irq20
                0x100001cc                isr_irq15
                0x100001cc                isr_irq25
                0x100001cc                isr_irq13
                0x100001cc                __unhandled_user_irq
                0x100001cc                isr_irq4
                0x100001cc                isr_irq16
                0x100001cc                isr_irq29
                0x100001cc                isr_irq26
                0x100001cc                __default_isrs_end
                0x100001cc                isr_irq3
                0x100001cc                isr_irq14
                0x100001cc                isr_irq9
                0x100001d2                unhandled_user_irq_num_in_r0
 *(.binary_info_header)
 .binary_info_header
                0x100001d4       0x14 CMakeFiles/SOS_Blinking_Morse_Code.dir/C_/Users/Lucas/.pico-sdk/sdk/2.1.0/src/rp2_common/pico_crt0/crt0.S.obj
                0x100001e8                        __binary_info_header_end = .
 *(.embedded_block)
                0x100001e8                        __embedded_block_end = .
 *(.reset)
 .reset         0x100001e8       0x9c CMakeFiles/SOS_Blinking_Morse_Code.dir/C_/Users/Lucas/.pico-sdk/sdk/2.1.0/src/rp2_common/pico_crt0/crt0.S.obj
                0x100001e8                _entry_point
 *(.init)
 .init          0x10000284        0x4 C:/Users/Lucas/.pico-sdk/toolchain/13_3_Rel1/bin/../lib/gcc/arm-none-eabi/13.3.1/thumb/v6-m/nofp/crti.o
                0x10000284                _init
 *(EXCLUDE_FILE(*libm.a: *libc.a:*lib_a-mem*.o *libgcc.a:) .text*)
 .text.register_tm_clones
                0x10000288       0x28 C:/Users/Lucas/.pico-sdk/toolchain/13_3_Rel1/bin/../lib/gcc/arm-none-eabi/13.3.1/thumb/v6-m/nofp/crtbegin.o
 .text.frame_dummy
                0x100002b0       0x24 C:/Users/Lucas/.pico-sdk/toolchain/13_3_Rel1/bin/../lib/gcc/arm-none-eabi/13.3.1/thumb/v6-m/nofp/crtbegin.o
 .text.startup.main
                0x100002d4       0x74 CMakeFiles/SOS_Blinking_Morse_Code.dir/SOS_Blinking_Morse_Code.c.obj
                0x100002d4                main
 .text.gpio_init
                0x10000348       0x40 CMakeFiles/SOS_Blinking_Morse_Code.dir/C_/Users/Lucas/.pico-sdk/sdk/2.1.0/src/rp2_common/hardware_gpio/gpio.c.obj
                0x10000348                gpio_init
 .text.panic    0x10000388       0x30 CMakeFiles/SOS_Blinking_Morse_Code.dir/C_/Users/Lucas/.pico-sdk/sdk/2.1.0/src/rp2_common/pico_platform_panic/panic.c.obj
                0x10000388                panic
 .text.hw_claim_or_assert
                0x100003b8       0x44 CMakeFiles/SOS_Blinking_Morse_Code.dir/C_/Users/Lucas/.pico-sdk/sdk/2.1.0/src/common/hardware_claim/claim.c.obj
                0x100003b8                hw_claim_or_assert
 .text.next_striped_spin_lock_num
                0x100003fc       0x18 CMakeFiles/SOS_Blinking_Morse_Code.dir/C_/Users/Lucas/.pico-sdk/sdk/2.1.0/src/rp2_common/hardware_sync/sync.c.obj
                0x100003fc                next_striped_spin_lock_num
 .text.spin_locks_reset
                0x10000414       0x1c CMakeFiles/SOS_Blinking_Morse_Code.dir/C_/Users/Lucas/.pico-sdk/sdk/2.1.0/src/rp2_common/hardware_sync_spin_lock/sync_spin_lock.c.obj
                0x10000414                spin_locks_reset
 .text.runtime_init_per_core_irq_priorities
                0x10000430       0x24 CMakeFiles/SOS_Blinking_Morse_Code.dir/C_/Users/Lucas/.pico-sdk/sdk/2.1.0/src/rp2_common/hardware_irq/irq.c.obj
                0x10000430                runtime_init_per_core_irq_priorities
 .text.irq_set_enabled
                0x10000454       0x24 CMakeFiles/SOS_Blinking_Morse_Code.dir/C_/Users/Lucas/.pico-sdk/sdk/2.1.0/src/rp2_common/hardware_irq/irq.c.obj
                0x10000454                irq_set_enabled
 .text.irq_set_exclusive_handler
                0x10000478       0x54 CMakeFiles/SOS_Blinking_Morse_Code.dir/C_/Users/Lucas/.pico-sdk/sdk/2.1.0/src/rp2_common/hardware_irq/irq.c.obj
                0x10000478                irq_set_exclusive_handler
 .text.lock_init
                0x100004cc       0x10 CMakeFiles/SOS_Blinking_Morse_Code.dir/C_/Users/Lucas/.pico-sdk/sdk/2.1.0/src/common/pico_sync/lock_core.c.obj
                0x100004cc                lock_init
 .text.runtime_init_mutex
                0x100004dc       0x50 CMakeFiles/SOS_Blinking_Morse_Code.dir/C_/Users/Lucas/.pico-sdk/sdk/2.1.0/src/common/pico_sync/mutex.c.obj
                0x100004dc                runtime_init_mutex
 .text.sleep_until_callback
                0x1000052c       0x30 CMakeFiles/SOS_Blinking_Morse_Code.dir/C_/Users/Lucas/.pico-sdk/sdk/2.1.0/src/common/pico_time/time.c.obj
 .text.alarm_pool_irq_handler
                0x1000055c      0x2fc CMakeFiles/SOS_Blinking_Morse_Code.dir/C_/Users/Lucas/.pico-sdk/sdk/2.1.0/src/common/pico_time/time.c.obj
 .text.runtime_init_default_alarm_pool
                0x10000858       0xdc CMakeFiles/SOS_Blinking_Morse_Code.dir/C_/Users/Lucas/.pico-sdk/sdk/2.1.0/src/common/pico_time/time.c.obj
                0x10000858                runtime_init_default_alarm_pool
 .text.alarm_pool_add_alarm_at_force_in_context
                0x10000934       0xb0 CMakeFiles/SOS_Blinking_Morse_Code.dir/C_/Users/Lucas/.pico-sdk/sdk/2.1.0/src/common/pico_time/time.c.obj
                0x10000934                alarm_pool_add_alarm_at_force_in_context
 .text.alarm_pool_cancel_alarm
                0x100009e4       0x74 CMakeFiles/SOS_Blinking_Morse_Code.dir/C_/Users/Lucas/.pico-sdk/sdk/2.1.0/src/common/pico_time/time.c.obj
                0x100009e4                alarm_pool_cancel_alarm
 .text.sleep_until
                0x10000a58       0xd8 CMakeFiles/SOS_Blinking_Morse_Code.dir/C_/Users/Lucas/.pico-sdk/sdk/2.1.0/src/common/pico_time/time.c.obj
                0x10000a58                sleep_until
 .text.sleep_ms
                0x10000b30       0x38 CMakeFiles/SOS_Blinking_Morse_Code.dir/C_/Users/Lucas/.pico-sdk/sdk/2.1.0/src/common/pico_time/time.c.obj
                0x10000b30                sleep_ms
 .text.best_effort_wfe_or_timeout
                0x10000b68       0xe0 CMakeFiles/SOS_Blinking_Morse_Code.dir/C_/Users/Lucas/.pico-sdk/sdk/2.1.0/src/common/pico_time/time.c.obj
                0x10000b68                best_effort_wfe_or_timeout
 .text.timer_hardware_alarm_claim
                0x10000c48       0x14 CMakeFiles/SOS_Blinking_Morse_Code.dir/C_/Users/Lucas/.pico-sdk/sdk/2.1.0/src/rp2_common/hardware_timer/timer.c.obj
                0x10000c48                timer_hardware_alarm_claim
 .text.timer_time_us_64
                0x10000c5c       0x10 CMakeFiles/SOS_Blinking_Morse_Code.dir/C_/Users/Lucas/.pico-sdk/sdk/2.1.0/src/rp2_common/hardware_timer/timer.c.obj
                0x10000c5c                timer_time_us_64
 .text.time_us_64
                0x10000c6c       0x14 CMakeFiles/SOS_Blinking_Morse_Code.dir/C_/Users/Lucas/.pico-sdk/sdk/2.1.0/src/rp2_common/hardware_timer/timer.c.obj
                0x10000c6c                time_us_64
 .text.busy_wait_until
                0x10000c80       0x20 CMakeFiles/SOS_Blinking_Morse_Code.dir/C_/Users/Lucas/.pico-sdk/sdk/2.1.0/src/rp2_common/hardware_timer/timer.c.obj
                0x10000c80                busy_wait_until
 .text.clock_configure_int_divider
                0x10000ca0       0xf4 CMakeFiles/SOS_Blinking_Morse_Code.dir/C_/Users/Lucas/.pico-sdk/sdk/2.1.0/src/rp2_common/hardware_clocks/clocks.c.obj
                0x10000ca0                clock_configure_int_divider
 .text.clock_configure_undivided
                0x10000d94       0xe8 CMakeFiles/SOS_Blinking_Morse_Code.dir/C_/Users/Lucas/.pico-sdk/sdk/2.1.0/src/rp2_common/hardware_clocks/clocks.c.obj
                0x10000d94                clock_configure_undivided
 .text.clock_get_hz
                0x10000e7c        0xc CMakeFiles/SOS_Blinking_Morse_Code.dir/C_/Users/Lucas/.pico-sdk/sdk/2.1.0/src/rp2_common/hardware_clocks/clocks.c.obj
                0x10000e7c                clock_get_hz
 .text.pll_init
                0x10000e88       0xa4 CMakeFiles/SOS_Blinking_Morse_Code.dir/C_/Users/Lucas/.pico-sdk/sdk/2.1.0/src/rp2_common/hardware_pll/pll.c.obj
                0x10000e88                pll_init
 .text.tick_start
                0x10000f2c       0x10 CMakeFiles/SOS_Blinking_Morse_Code.dir/C_/Users/Lucas/.pico-sdk/sdk/2.1.0/src/rp2_common/hardware_ticks/ticks.c.obj
                0x10000f2c                tick_start
 .text.rom_func_lookup
                0x10000f3c       0x10 CMakeFiles/SOS_Blinking_Morse_Code.dir/C_/Users/Lucas/.pico-sdk/sdk/2.1.0/src/rp2_common/pico_bootrom/bootrom.c.obj
                0x10000f3c                rom_func_lookup
 .text.rom_data_lookup
                0x10000f4c       0x10 CMakeFiles/SOS_Blinking_Morse_Code.dir/C_/Users/Lucas/.pico-sdk/sdk/2.1.0/src/rp2_common/pico_bootrom/bootrom.c.obj
                0x10000f4c                rom_data_lookup
 .text.rom_funcs_lookup
                0x10000f5c       0x44 CMakeFiles/SOS_Blinking_Morse_Code.dir/C_/Users/Lucas/.pico-sdk/sdk/2.1.0/src/rp2_common/pico_bootrom/bootrom.c.obj
                0x10000f5c                rom_funcs_lookup
 .text.xosc_init
                0x10000fa0       0x28 CMakeFiles/SOS_Blinking_Morse_Code.dir/C_/Users/Lucas/.pico-sdk/sdk/2.1.0/src/rp2_common/hardware_xosc/xosc.c.obj
                0x10000fa0                xosc_init
 .text.first_per_core_initializer
                0x10000fc8        0x4 CMakeFiles/SOS_Blinking_Morse_Code.dir/C_/Users/Lucas/.pico-sdk/sdk/2.1.0/src/rp2_common/pico_runtime/runtime.c.obj
 .text.hard_assertion_failure
                0x10000fcc        0xc CMakeFiles/SOS_Blinking_Morse_Code.dir/C_/Users/Lucas/.pico-sdk/sdk/2.1.0/src/rp2_common/pico_runtime/runtime.c.obj
                0x10000fcc                hard_assertion_failure
 .text.runtime_run_initializers
                0x10000fd8       0x28 CMakeFiles/SOS_Blinking_Morse_Code.dir/C_/Users/Lucas/.pico-sdk/sdk/2.1.0/src/rp2_common/pico_runtime/runtime.c.obj
                0x10000fd8                runtime_run_initializers
 .text.runtime_init_early_resets
                0x10001000       0x2c CMakeFiles/SOS_Blinking_Morse_Code.dir/C_/Users/Lucas/.pico-sdk/sdk/2.1.0/src/rp2_common/pico_runtime_init/runtime_init.c.obj
                0x10001000                runtime_init_early_resets
 .text.runtime_init_usb_power_down
                0x1000102c       0x1c CMakeFiles/SOS_Blinking_Morse_Code.dir/C_/Users/Lucas/.pico-sdk/sdk/2.1.0/src/rp2_common/pico_runtime_init/runtime_init.c.obj
                0x1000102c                runtime_init_usb_power_down
 .text.runtime_init_post_clock_resets
                0x10001048       0x20 CMakeFiles/SOS_Blinking_Morse_Code.dir/C_/Users/Lucas/.pico-sdk/sdk/2.1.0/src/rp2_common/pico_runtime_init/runtime_init.c.obj
                0x10001048                runtime_init_post_clock_resets
 .text.runtime_init_rp2040_gpio_ie_disable
                0x10001068       0x14 CMakeFiles/SOS_Blinking_Morse_Code.dir/C_/Users/Lucas/.pico-sdk/sdk/2.1.0/src/rp2_common/pico_runtime_init/runtime_init.c.obj
                0x10001068                runtime_init_rp2040_gpio_ie_disable
 .text.runtime_init_spin_locks_reset
                0x1000107c        0x8 CMakeFiles/SOS_Blinking_Morse_Code.dir/C_/Users/Lucas/.pico-sdk/sdk/2.1.0/src/rp2_common/pico_runtime_init/runtime_init.c.obj
                0x1000107c                runtime_init_spin_locks_reset
 .text.runtime_init_install_ram_vector_table
                0x10001084       0x1c CMakeFiles/SOS_Blinking_Morse_Code.dir/C_/Users/Lucas/.pico-sdk/sdk/2.1.0/src/rp2_common/pico_runtime_init/runtime_init.c.obj
                0x10001084                runtime_init_install_ram_vector_table
 .text.runtime_init_clocks
                0x100010a0       0xd8 CMakeFiles/SOS_Blinking_Morse_Code.dir/C_/Users/Lucas/.pico-sdk/sdk/2.1.0/src/rp2_common/pico_runtime_init/runtime_init_clocks.c.obj
                0x100010a0                runtime_init_clocks
 .text          0x10001178       0x10 CMakeFiles/SOS_Blinking_Morse_Code.dir/C_/Users/Lucas/.pico-sdk/sdk/2.1.0/src/rp2_common/pico_bit_ops/bit_ops_aeabi.S.obj
 .text.__wrap___aeabi_uidiv
                0x10001188       0x4c CMakeFiles/SOS_Blinking_Morse_Code.dir/C_/Users/Lucas/.pico-sdk/sdk/2.1.0/src/rp2_common/pico_divider/divider_hardware.S.obj
                0x10001188                __wrap___aeabi_uidiv
                0x10001188                __wrap___aeabi_uidivmod
                0x10001188                div_u32u32
                0x10001188                divmod_u32u32
                0x10001190                divmod_u32u32_unsafe
                0x100011b8                divmod_u32u32_savestate
 .text.missing_double_func_shim
                0x100011d4        0xc CMakeFiles/SOS_Blinking_Morse_Code.dir/C_/Users/Lucas/.pico-sdk/sdk/2.1.0/src/rp2_common/pico_double/double_init_rom_rp2040.c.obj
 .text.__aeabi_double_init
                0x100011e0       0xa0 CMakeFiles/SOS_Blinking_Morse_Code.dir/C_/Users/Lucas/.pico-sdk/sdk/2.1.0/src/rp2_common/pico_double/double_init_rom_rp2040.c.obj
                0x100011e0                __aeabi_double_init
 .text.double_table_shim_on_use_helper
                0x10001280       0x2c CMakeFiles/SOS_Blinking_Morse_Code.dir/C_/Users/Lucas/.pico-sdk/sdk/2.1.0/src/rp2_common/pico_double/double_v1_rom_shim_rp2040.S.obj
                0x10001280                double_table_shim_on_use_helper
 .text.__aeabi_lmul
                0x100012ac       0x32 CMakeFiles/SOS_Blinking_Morse_Code.dir/C_/Users/Lucas/.pico-sdk/sdk/2.1.0/src/rp2_common/pico_int64_ops/pico_int64_ops_aeabi.S.obj
                0x100012ac                __wrap___aeabi_lmul
 *fill*         0x100012de        0x2 
 .text.missing_float_func_shim
                0x100012e0        0xc CMakeFiles/SOS_Blinking_Morse_Code.dir/C_/Users/Lucas/.pico-sdk/sdk/2.1.0/src/rp2_common/pico_float/float_init_rom_rp2040.c.obj
 .text.__aeabi_float_init
                0x100012ec       0x5c CMakeFiles/SOS_Blinking_Morse_Code.dir/C_/Users/Lucas/.pico-sdk/sdk/2.1.0/src/rp2_common/pico_float/float_init_rom_rp2040.c.obj
                0x100012ec                __aeabi_float_init
 .text          0x10001348       0x10 CMakeFiles/SOS_Blinking_Morse_Code.dir/C_/Users/Lucas/.pico-sdk/sdk/2.1.0/src/rp2_common/pico_mem_ops/mem_ops_aeabi.S.obj
                0x10001348                __aeabi_mem_init
 .text.memset   0x10001358        0xc CMakeFiles/SOS_Blinking_Morse_Code.dir/C_/Users/Lucas/.pico-sdk/sdk/2.1.0/src/rp2_common/pico_mem_ops/mem_ops_aeabi.S.obj
                0x10001358                __wrap_memset
 .text.memcpy   0x10001364        0xc CMakeFiles/SOS_Blinking_Morse_Code.dir/C_/Users/Lucas/.pico-sdk/sdk/2.1.0/src/rp2_common/pico_mem_ops/mem_ops_aeabi.S.obj
                0x10001364                __wrap_memcpy
                0x10001364                __wrap___aeabi_memcpy
 .text._out_char
                0x10001370       0x10 CMakeFiles/SOS_Blinking_Morse_Code.dir/C_/Users/Lucas/.pico-sdk/sdk/2.1.0/src/rp2_common/pico_printf/printf.c.obj
 .text.weak_raw_vprintf
                0x10001380       0x30 CMakeFiles/SOS_Blinking_Morse_Code.dir/C_/Users/Lucas/.pico-sdk/sdk/2.1.0/src/rp2_common/pico_printf/printf.c.obj
                0x10001380                weak_raw_vprintf
 .text._exit    0x100013b0        0x4 CMakeFiles/SOS_Blinking_Morse_Code.dir/C_/Users/Lucas/.pico-sdk/sdk/2.1.0/src/rp2_common/pico_clib_interface/newlib_interface.c.obj
                0x100013b0                _exit
 .text.exit     0x100013b4        0x8 CMakeFiles/SOS_Blinking_Morse_Code.dir/C_/Users/Lucas/.pico-sdk/sdk/2.1.0/src/rp2_common/pico_clib_interface/newlib_interface.c.obj
                0x100013b4                exit
 .text.runtime_init
                0x100013bc       0x2c CMakeFiles/SOS_Blinking_Morse_Code.dir/C_/Users/Lucas/.pico-sdk/sdk/2.1.0/src/rp2_common/pico_clib_interface/newlib_interface.c.obj
                0x100013bc                runtime_init
 .text.stdio_out_chars_no_crlf
                0x100013e8       0x10 CMakeFiles/SOS_Blinking_Morse_Code.dir/C_/Users/Lucas/.pico-sdk/sdk/2.1.0/src/rp2_common/pico_stdio/stdio.c.obj
 .text.stdio_out_chars_crlf
                0x100013f8       0x94 CMakeFiles/SOS_Blinking_Morse_Code.dir/C_/Users/Lucas/.pico-sdk/sdk/2.1.0/src/rp2_common/pico_stdio/stdio.c.obj
 .text.stdio_put_string
                0x1000148c      0x100 CMakeFiles/SOS_Blinking_Morse_Code.dir/C_/Users/Lucas/.pico-sdk/sdk/2.1.0/src/rp2_common/pico_stdio/stdio.c.obj
                0x1000148c                stdio_put_string
 .text.__wrap_putchar
                0x1000158c       0x98 CMakeFiles/SOS_Blinking_Morse_Code.dir/C_/Users/Lucas/.pico-sdk/sdk/2.1.0/src/rp2_common/pico_stdio/stdio.c.obj
                0x1000158c                __wrap_putchar
                0x1000158c                stdio_putchar
 .text.__wrap_puts
                0x10001624       0x3c CMakeFiles/SOS_Blinking_Morse_Code.dir/C_/Users/Lucas/.pico-sdk/sdk/2.1.0/src/rp2_common/pico_stdio/stdio.c.obj
                0x10001624                stdio_puts
                0x10001624                __wrap_puts
 .text.startup._retrieve_unique_id_on_boot
                0x10001660       0x10 CMakeFiles/SOS_Blinking_Morse_Code.dir/C_/Users/Lucas/.pico-sdk/sdk/2.1.0/src/rp2_common/pico_unique_id/unique_id.c.obj
 .text.flash_get_unique_id
                0x10001670       0x3c CMakeFiles/SOS_Blinking_Morse_Code.dir/C_/Users/Lucas/.pico-sdk/sdk/2.1.0/src/rp2_common/hardware_flash/flash.c.obj
                0x10001670                flash_get_unique_id
 .text.strlen   0x100016ac       0x5c C:/Users/Lucas/.pico-sdk/toolchain/13_3_Rel1/bin/../lib/gcc/arm-none-eabi/13.3.1/thumb/v6-m/nofp\libg.a(libc_a-strlen-stub.o)
                0x100016ac                strlen
 *(.fini)
 .fini          0x10001708        0x4 C:/Users/Lucas/.pico-sdk/toolchain/13_3_Rel1/bin/../lib/gcc/arm-none-eabi/13.3.1/thumb/v6-m/nofp/crti.o
                0x10001708                _fini
 *fill*         0x1000170c        0x4 
 .fini.__stub   0x10001710       0x40 linker stubs
 *crtbegin.o(.ctors)
 *crtbegin?.o(.ctors)
 *(EXCLUDE_FILE(*crtend.o *crtend?.o) .ctors)
 *(SORT_BY_NAME(.ctors.*))
 *(.ctors)
 *crtbegin.o(.dtors)
 *crtbegin?.o(.dtors)
 *(EXCLUDE_FILE(*crtend.o *crtend?.o) .dtors)
 *(SORT_BY_NAME(.dtors.*))
 *(.dtors)
                0x10001750                        . = ALIGN (0x4)
                0x10001750                        PROVIDE (__preinit_array_start = .)
 *(SORT_BY_NAME(.preinit_array.*))
 .preinit_array.00100
                0x10001750        0x4 CMakeFiles/SOS_Blinking_Morse_Code.dir/C_/Users/Lucas/.pico-sdk/sdk/2.1.0/src/rp2_common/pico_runtime_init/runtime_init.c.obj
                0x10001750                __pre_init_runtime_init_early_resets
 .preinit_array.00101
                0x10001754        0x4 CMakeFiles/SOS_Blinking_Morse_Code.dir/C_/Users/Lucas/.pico-sdk/sdk/2.1.0/src/rp2_common/pico_runtime_init/runtime_init.c.obj
                0x10001754                __pre_init_runtime_init_usb_power_down
 .preinit_array.00275
                0x10001758        0x4 CMakeFiles/SOS_Blinking_Morse_Code.dir/C_/Users/Lucas/.pico-sdk/sdk/2.1.0/src/rp2_common/pico_bit_ops/bit_ops_aeabi.S.obj
 .preinit_array.00300
                0x1000175c        0x4 CMakeFiles/SOS_Blinking_Morse_Code.dir/C_/Users/Lucas/.pico-sdk/sdk/2.1.0/src/rp2_common/pico_mem_ops/mem_ops_aeabi.S.obj
 .preinit_array.00350
                0x10001760        0x4 CMakeFiles/SOS_Blinking_Morse_Code.dir/C_/Users/Lucas/.pico-sdk/sdk/2.1.0/src/rp2_common/pico_double/double_aeabi_rp2040.S.obj
 .preinit_array.00350
                0x10001764        0x4 CMakeFiles/SOS_Blinking_Morse_Code.dir/C_/Users/Lucas/.pico-sdk/sdk/2.1.0/src/rp2_common/pico_float/float_aeabi_rp2040.S.obj
 .preinit_array.00500
                0x10001768        0x4 CMakeFiles/SOS_Blinking_Morse_Code.dir/C_/Users/Lucas/.pico-sdk/sdk/2.1.0/src/rp2_common/pico_runtime_init/runtime_init.c.obj
                0x10001768                __pre_init_runtime_init_clocks
 .preinit_array.00600
                0x1000176c        0x4 CMakeFiles/SOS_Blinking_Morse_Code.dir/C_/Users/Lucas/.pico-sdk/sdk/2.1.0/src/rp2_common/pico_runtime_init/runtime_init.c.obj
                0x1000176c                __pre_init_runtime_init_post_clock_resets
 .preinit_array.00700
                0x10001770        0x4 CMakeFiles/SOS_Blinking_Morse_Code.dir/C_/Users/Lucas/.pico-sdk/sdk/2.1.0/src/rp2_common/pico_runtime_init/runtime_init.c.obj
                0x10001770                __pre_init_runtime_init_rp2040_gpio_ie_disable
 .preinit_array.01000
                0x10001774        0x4 CMakeFiles/SOS_Blinking_Morse_Code.dir/C_/Users/Lucas/.pico-sdk/sdk/2.1.0/src/rp2_common/pico_runtime_init/runtime_init.c.obj
                0x10001774                __pre_init_runtime_init_spin_locks_reset
 .preinit_array.01100
                0x10001778        0x4 CMakeFiles/SOS_Blinking_Morse_Code.dir/C_/Users/Lucas/.pico-sdk/sdk/2.1.0/src/common/pico_sync/mutex.c.obj
                0x10001778                __pre_init_runtime_init_mutex
 .preinit_array.10080
                0x1000177c        0x4 CMakeFiles/SOS_Blinking_Morse_Code.dir/C_/Users/Lucas/.pico-sdk/sdk/2.1.0/src/rp2_common/pico_runtime_init/runtime_init.c.obj
                0x1000177c                __pre_init_runtime_init_install_ram_vector_table
 .preinit_array.11000
                0x10001780        0x4 CMakeFiles/SOS_Blinking_Morse_Code.dir/C_/Users/Lucas/.pico-sdk/sdk/2.1.0/src/common/pico_time/time.c.obj
                0x10001780                __pre_init_runtime_init_default_alarm_pool
 .preinit_array.YYYYY
                0x10001784        0x4 CMakeFiles/SOS_Blinking_Morse_Code.dir/C_/Users/Lucas/.pico-sdk/sdk/2.1.0/src/rp2_common/pico_runtime/runtime.c.obj
                0x10001784                __pre_init_first_per_core_initializer
 .preinit_array.ZZZZZ.01200
                0x10001788        0x4 CMakeFiles/SOS_Blinking_Morse_Code.dir/C_/Users/Lucas/.pico-sdk/sdk/2.1.0/src/rp2_common/hardware_irq/irq.c.obj
                0x10001788                __pre_init_runtime_init_per_core_irq_priorities
 *(.preinit_array)
                0x1000178c                        PROVIDE (__preinit_array_end = .)
                0x1000178c                        . = ALIGN (0x4)
                0x1000178c                        PROVIDE (__init_array_start = .)
 *(SORT_BY_NAME(.init_array.*))
 *(.init_array)
 .init_array    0x1000178c        0x4 C:/Users/Lucas/.pico-sdk/toolchain/13_3_Rel1/bin/../lib/gcc/arm-none-eabi/13.3.1/thumb/v6-m/nofp/crtbegin.o
 .init_array    0x10001790        0x4 CMakeFiles/SOS_Blinking_Morse_Code.dir/C_/Users/Lucas/.pico-sdk/sdk/2.1.0/src/rp2_common/pico_unique_id/unique_id.c.obj
                0x10001794                        PROVIDE (__init_array_end = .)
                0x10001794                        . = ALIGN (0x4)
                [!provide]                        PROVIDE (__fini_array_start = .)
 *(SORT_BY_NAME(.fini_array.*))
 *(.fini_array)
                [!provide]                        PROVIDE (__fini_array_end = .)
 *(.eh_frame*)
 .eh_frame      0x10001794        0x0 C:/Users/Lucas/.pico-sdk/toolchain/13_3_Rel1/bin/../lib/gcc/arm-none-eabi/13.3.1/thumb/v6-m/nofp/crtbegin.o
                0x10001794                        . = ALIGN (0x4)

.glue_7         0x10001794        0x0
 .glue_7        0x10001794        0x0 linker stubs

.glue_7t        0x10001794        0x0
 .glue_7t       0x10001794        0x0 linker stubs

.vfp11_veneer   0x10001794        0x0
 .vfp11_veneer  0x10001794        0x0 linker stubs

.v4_bx          0x10001794        0x0
 .v4_bx         0x10001794        0x0 linker stubs

.iplt           0x10001794        0x0
 .iplt          0x10001794        0x0 C:/Users/Lucas/.pico-sdk/toolchain/13_3_Rel1/bin/../lib/gcc/arm-none-eabi/13.3.1/thumb/v6-m/nofp/crtbegin.o

.rodata         0x10001794      0x114
 *(EXCLUDE_FILE(*libm.a: *libc.a:*lib_a-mem*.o *libgcc.a:) .rodata*)
 .rodata.panic.str1.4
                0x10001794       0xb0 CMakeFiles/SOS_Blinking_Morse_Code.dir/C_/Users/Lucas/.pico-sdk/sdk/2.1.0/src/rp2_common/pico_platform_panic/panic.c.obj
                                 0x12 (size before relaxing)
 .rodata.timer_hardware_alarm_claim.str1.4
                0x10001844       0x22 CMakeFiles/SOS_Blinking_Morse_Code.dir/C_/Users/Lucas/.pico-sdk/sdk/2.1.0/src/rp2_common/hardware_timer/timer.c.obj
 .rodata.hard_assertion_failure.str1.4
                0x10001844        0xc CMakeFiles/SOS_Blinking_Morse_Code.dir/C_/Users/Lucas/.pico-sdk/sdk/2.1.0/src/rp2_common/pico_runtime/runtime.c.obj
 .rodata.missing_double_func_shim.str1.4
                0x10001844       0x18 CMakeFiles/SOS_Blinking_Morse_Code.dir/C_/Users/Lucas/.pico-sdk/sdk/2.1.0/src/rp2_common/pico_double/double_init_rom_rp2040.c.obj
 .rodata.missing_float_func_shim.str1.4
                0x10001844        0x1 CMakeFiles/SOS_Blinking_Morse_Code.dir/C_/Users/Lucas/.pico-sdk/sdk/2.1.0/src/rp2_common/pico_float/float_init_rom_rp2040.c.obj
 .rodata.str1.4
                0x10001844       0x50 CMakeFiles/SOS_Blinking_Morse_Code.dir/C_/Users/Lucas/.pico-sdk/sdk/2.1.0/src/rp2_common/pico_standard_binary_info/standard_binary_info.c.obj
 .rodata.__bi_84
                0x10001844        0xc CMakeFiles/SOS_Blinking_Morse_Code.dir/C_/Users/Lucas/.pico-sdk/sdk/2.1.0/src/rp2_common/pico_standard_binary_info/standard_binary_info.c.obj
 .rodata.__bi_78
                0x10001850        0xc CMakeFiles/SOS_Blinking_Morse_Code.dir/C_/Users/Lucas/.pico-sdk/sdk/2.1.0/src/rp2_common/pico_standard_binary_info/standard_binary_info.c.obj
 .rodata.__bi_60
                0x1000185c        0xc CMakeFiles/SOS_Blinking_Morse_Code.dir/C_/Users/Lucas/.pico-sdk/sdk/2.1.0/src/rp2_common/pico_standard_binary_info/standard_binary_info.c.obj
 .rodata.__bi_54
                0x10001868        0xc CMakeFiles/SOS_Blinking_Morse_Code.dir/C_/Users/Lucas/.pico-sdk/sdk/2.1.0/src/rp2_common/pico_standard_binary_info/standard_binary_info.c.obj
 .rodata.__bi_48
                0x10001874        0xc CMakeFiles/SOS_Blinking_Morse_Code.dir/C_/Users/Lucas/.pico-sdk/sdk/2.1.0/src/rp2_common/pico_standard_binary_info/standard_binary_info.c.obj
 .rodata.__bi_42
                0x10001880        0xc CMakeFiles/SOS_Blinking_Morse_Code.dir/C_/Users/Lucas/.pico-sdk/sdk/2.1.0/src/rp2_common/pico_standard_binary_info/standard_binary_info.c.obj
 .rodata.__bi_34
                0x1000188c        0xc CMakeFiles/SOS_Blinking_Morse_Code.dir/C_/Users/Lucas/.pico-sdk/sdk/2.1.0/src/rp2_common/pico_standard_binary_info/standard_binary_info.c.obj
 .rodata.__bi_26
                0x10001898        0xc CMakeFiles/SOS_Blinking_Morse_Code.dir/C_/Users/Lucas/.pico-sdk/sdk/2.1.0/src/rp2_common/pico_standard_binary_info/standard_binary_info.c.obj
 .rodata.crlf_str.0
                0x100018a4        0x2 CMakeFiles/SOS_Blinking_Morse_Code.dir/C_/Users/Lucas/.pico-sdk/sdk/2.1.0/src/rp2_common/pico_stdio/stdio.c.obj
                0x100018a8                        . = ALIGN (0x4)
 *fill*         0x100018a6        0x2 
 *(SORT_BY_ALIGNMENT(SORT_BY_NAME(.flashdata*)))
                0x100018a8                        . = ALIGN (0x4)

.ARM.extab
 *(.ARM.extab* .gnu.linkonce.armextab.*)
                0x100018a8                        __exidx_start = .

.ARM.exidx
 *(.ARM.exidx* .gnu.linkonce.armexidx.*)
                0x100018a8                        __exidx_end = .
                0x100018a8                        . = ALIGN (0x4)
                0x100018a8                        __binary_info_start = .

.binary_info    0x100018a8       0x20
 *(.binary_info.keep.*)
 .binary_info.keep.__bi_ptr84
                0x100018a8        0x4 CMakeFiles/SOS_Blinking_Morse_Code.dir/C_/Users/Lucas/.pico-sdk/sdk/2.1.0/src/rp2_common/pico_standard_binary_info/standard_binary_info.c.obj
 .binary_info.keep.__bi_ptr78
                0x100018ac        0x4 CMakeFiles/SOS_Blinking_Morse_Code.dir/C_/Users/Lucas/.pico-sdk/sdk/2.1.0/src/rp2_common/pico_standard_binary_info/standard_binary_info.c.obj
 .binary_info.keep.__bi_ptr60
                0x100018b0        0x4 CMakeFiles/SOS_Blinking_Morse_Code.dir/C_/Users/Lucas/.pico-sdk/sdk/2.1.0/src/rp2_common/pico_standard_binary_info/standard_binary_info.c.obj
 .binary_info.keep.__bi_ptr54
                0x100018b4        0x4 CMakeFiles/SOS_Blinking_Morse_Code.dir/C_/Users/Lucas/.pico-sdk/sdk/2.1.0/src/rp2_common/pico_standard_binary_info/standard_binary_info.c.obj
 .binary_info.keep.__bi_ptr48
                0x100018b8        0x4 CMakeFiles/SOS_Blinking_Morse_Code.dir/C_/Users/Lucas/.pico-sdk/sdk/2.1.0/src/rp2_common/pico_standard_binary_info/standard_binary_info.c.obj
 .binary_info.keep.__bi_ptr42
                0x100018bc        0x4 CMakeFiles/SOS_Blinking_Morse_Code.dir/C_/Users/Lucas/.pico-sdk/sdk/2.1.0/src/rp2_common/pico_standard_binary_info/standard_binary_info.c.obj
 .binary_info.keep.__bi_ptr34
                0x100018c0        0x4 CMakeFiles/SOS_Blinking_Morse_Code.dir/C_/Users/Lucas/.pico-sdk/sdk/2.1.0/src/rp2_common/pico_standard_binary_info/standard_binary_info.c.obj
 .binary_info.keep.__bi_ptr26
                0x100018c4        0x4 CMakeFiles/SOS_Blinking_Morse_Code.dir/C_/Users/Lucas/.pico-sdk/sdk/2.1.0/src/rp2_common/pico_standard_binary_info/standard_binary_info.c.obj
 *(.binary_info.*)
                0x100018c8                        __binary_info_end = .

.rel.dyn        0x100018c8        0x0
 .rel.iplt      0x100018c8        0x0 C:/Users/Lucas/.pico-sdk/toolchain/13_3_Rel1/bin/../lib/gcc/arm-none-eabi/13.3.1/thumb/v6-m/nofp/crtbegin.o
                0x100018c8                        . = ALIGN (0x4)

.ram_vector_table
                0x20000000       0xc0
 *(.ram_vector_table)
 .ram_vector_table
                0x20000000       0xc0 CMakeFiles/SOS_Blinking_Morse_Code.dir/C_/Users/Lucas/.pico-sdk/sdk/2.1.0/src/rp2_common/pico_runtime_init/runtime_init.c.obj
                0x20000000                ram_vector_table

.uninitialized_data
                0x200000c0        0x0
                0x200000c0                        . = ALIGN (0x4)
 *(.uninitialized_data*)

.data           0x200000c0      0x258 load address 0x100018c8
                0x200000c0                        __data_start__ = .
 *(vtable)
 *(.time_critical*)
 .time_critical.mutex_try_enter_block_until
                0x200000c0       0x9c CMakeFiles/SOS_Blinking_Morse_Code.dir/C_/Users/Lucas/.pico-sdk/sdk/2.1.0/src/common/pico_sync/mutex.c.obj
                0x200000c0                mutex_try_enter_block_until
 .time_critical.mutex_exit
                0x2000015c       0x28 CMakeFiles/SOS_Blinking_Morse_Code.dir/C_/Users/Lucas/.pico-sdk/sdk/2.1.0/src/common/pico_sync/mutex.c.obj
                0x2000015c                mutex_exit
 .time_critical.flash_init_boot2_copyout
                0x20000184       0x30 CMakeFiles/SOS_Blinking_Morse_Code.dir/C_/Users/Lucas/.pico-sdk/sdk/2.1.0/src/rp2_common/hardware_flash/flash.c.obj
 .time_critical.flash_enable_xip_via_boot2
                0x200001b4        0xc CMakeFiles/SOS_Blinking_Morse_Code.dir/C_/Users/Lucas/.pico-sdk/sdk/2.1.0/src/rp2_common/hardware_flash/flash.c.obj
 .time_critical.flash_cs_force
                0x200001c0       0x38 CMakeFiles/SOS_Blinking_Morse_Code.dir/C_/Users/Lucas/.pico-sdk/sdk/2.1.0/src/rp2_common/hardware_flash/flash.c.obj
 .time_critical.flash_do_cmd
                0x200001f8       0xc0 CMakeFiles/SOS_Blinking_Morse_Code.dir/C_/Users/Lucas/.pico-sdk/sdk/2.1.0/src/rp2_common/hardware_flash/flash.c.obj
                0x200001f8                flash_do_cmd
 *(.text*)
 .text          0x200002b8        0x4 C:/Users/Lucas/.pico-sdk/toolchain/13_3_Rel1/bin/../lib/gcc/arm-none-eabi/13.3.1/thumb/v6-m/nofp\libgcc.a(_dvmd_tls.o)
                0x200002b8                __aeabi_idiv0
                0x200002b8                __aeabi_ldiv0
 *fill*         0x200002bc        0x4 
 .text.__stub   0x200002c0       0x10 linker stubs
                0x200002d0                        . = ALIGN (0x4)
 *(.rodata*)
                0x200002d0                        . = ALIGN (0x4)
 *(.data*)
 .data.striped_spin_lock_num
                0x200002d0        0x1 CMakeFiles/SOS_Blinking_Morse_Code.dir/C_/Users/Lucas/.pico-sdk/sdk/2.1.0/src/rp2_common/hardware_sync/sync.c.obj
 *fill*         0x200002d1        0x3 
 .data.default_alarm_pool
                0x200002d4       0x18 CMakeFiles/SOS_Blinking_Morse_Code.dir/C_/Users/Lucas/.pico-sdk/sdk/2.1.0/src/common/pico_time/time.c.obj
 *fill*         0x200002ec        0x4 
 .data.aeabi_bits_funcs
                0x200002f0       0x10 CMakeFiles/SOS_Blinking_Morse_Code.dir/C_/Users/Lucas/.pico-sdk/sdk/2.1.0/src/rp2_common/pico_bit_ops/bit_ops_aeabi.S.obj
                0x200002f0                aeabi_bits_funcs
                0x20000300                aeabi_bits_funcs_end
 .data.aeabi_mem_funcs
                0x20000300       0x10 CMakeFiles/SOS_Blinking_Morse_Code.dir/C_/Users/Lucas/.pico-sdk/sdk/2.1.0/src/rp2_common/pico_mem_ops/mem_ops_aeabi.S.obj
                0x20000300                aeabi_mem_funcs
                0x20000310                aeabi_mem_funcs_end
                0x20000310                        . = ALIGN (0x4)
 *(.after_data.*)
                0x20000310                        . = ALIGN (0x4)
                0x20000310                        PROVIDE (__mutex_array_start = .)
 *(SORT_BY_NAME(.mutex_array.*))
 *(.mutex_array)
 .mutex_array   0x20000310        0x8 CMakeFiles/SOS_Blinking_Morse_Code.dir/C_/Users/Lucas/.pico-sdk/sdk/2.1.0/src/rp2_common/pico_stdio/stdio.c.obj
                0x20000318                        PROVIDE (__mutex_array_end = .)
                0x20000318                        . = ALIGN (0x4)
 *(.jcr)
                0x20000318                        . = ALIGN (0x4)

.tm_clone_table
                0x20000318        0x0 load address 0x10001b20
 .tm_clone_table
                0x20000318        0x0 C:/Users/Lucas/.pico-sdk/toolchain/13_3_Rel1/bin/../lib/gcc/arm-none-eabi/13.3.1/thumb/v6-m/nofp/crtbegin.o
 .tm_clone_table
                0x20000318        0x0 C:/Users/Lucas/.pico-sdk/toolchain/13_3_Rel1/bin/../lib/gcc/arm-none-eabi/13.3.1/thumb/v6-m/nofp/crtend.o

.igot.plt       0x20000318        0x0 load address 0x10001b20
 .igot.plt      0x20000318        0x0 C:/Users/Lucas/.pico-sdk/toolchain/13_3_Rel1/bin/../lib/gcc/arm-none-eabi/13.3.1/thumb/v6-m/nofp/crtbegin.o

.tdata          0x20000318        0x0 load address 0x10001b20
                0x20000318                        . = ALIGN (0x4)
 *(.tdata .tdata.* .gnu.linkonce.td.*)
                0x20000318                        __tdata_end = .
                0x20000318                        PROVIDE (__data_end__ = .)
                0x100018c8                        __etext = LOADADDR (.data)

.tbss           0x20000318        0x0 load address 0x10001b20
                0x20000318                        . = ALIGN (0x4)
                0x20000318                        __bss_start__ = .
                0x20000318                        __tls_base = .
 *(.tbss .tbss.* .gnu.linkonce.tb.*)
 *(.tcommon)
                0x20000318                        __tls_end = .

.bss            0x20000318      0x4f4 load address 0x10001b20
                0x20000318                        . = ALIGN (0x4)
                0x20000318                        __tbss_end = .
 *(SORT_BY_ALIGNMENT(SORT_BY_NAME(.bss*)))
 .bss.default_alarm_pool_entries
                0x20000318      0x180 CMakeFiles/SOS_Blinking_Morse_Code.dir/C_/Users/Lucas/.pico-sdk/sdk/2.1.0/src/common/pico_time/time.c.obj
 .bss.sd_table  0x20000498      0x100 CMakeFiles/SOS_Blinking_Morse_Code.dir/C_/Users/Lucas/.pico-sdk/sdk/2.1.0/src/rp2_common/pico_double/double_init_rom_rp2040.c.obj
                0x20000498                sd_table
 .bss.boot2_copyout
                0x20000598      0x100 CMakeFiles/SOS_Blinking_Morse_Code.dir/C_/Users/Lucas/.pico-sdk/sdk/2.1.0/src/rp2_common/hardware_flash/flash.c.obj
 .bss.claimed   0x20000698        0x1 CMakeFiles/SOS_Blinking_Morse_Code.dir/C_/Users/Lucas/.pico-sdk/sdk/2.1.0/src/rp2_common/hardware_timer/timer.c.obj
 *fill*         0x20000699        0x3 
 .bss.configured_freq
                0x2000069c       0x28 CMakeFiles/SOS_Blinking_Morse_Code.dir/C_/Users/Lucas/.pico-sdk/sdk/2.1.0/src/rp2_common/hardware_clocks/clocks.c.obj
 .bss.drivers   0x200006c4        0x4 CMakeFiles/SOS_Blinking_Morse_Code.dir/C_/Users/Lucas/.pico-sdk/sdk/2.1.0/src/rp2_common/pico_stdio/stdio.c.obj
 .bss.filter    0x200006c8        0x4 CMakeFiles/SOS_Blinking_Morse_Code.dir/C_/Users/Lucas/.pico-sdk/sdk/2.1.0/src/rp2_common/pico_stdio/stdio.c.obj
 .bss.lazy_vsnprintf
                0x200006cc        0x4 CMakeFiles/SOS_Blinking_Morse_Code.dir/C_/Users/Lucas/.pico-sdk/sdk/2.1.0/src/rp2_common/pico_printf/printf.c.obj
 .bss.object.0  0x200006d0       0x18 C:/Users/Lucas/.pico-sdk/toolchain/13_3_Rel1/bin/../lib/gcc/arm-none-eabi/13.3.1/thumb/v6-m/nofp/crtbegin.o
 .bss.pools     0x200006e8       0x10 CMakeFiles/SOS_Blinking_Morse_Code.dir/C_/Users/Lucas/.pico-sdk/sdk/2.1.0/src/common/pico_time/time.c.obj
 .bss.retrieved_id
                0x200006f8        0x8 CMakeFiles/SOS_Blinking_Morse_Code.dir/C_/Users/Lucas/.pico-sdk/sdk/2.1.0/src/rp2_common/pico_unique_id/unique_id.c.obj
 .bss.sf_clz_func
                0x20000700        0x4 CMakeFiles/SOS_Blinking_Morse_Code.dir/C_/Users/Lucas/.pico-sdk/sdk/2.1.0/src/rp2_common/pico_double/double_init_rom_rp2040.c.obj
                0x20000700                sf_clz_func
 .bss.sf_table  0x20000704      0x100 CMakeFiles/SOS_Blinking_Morse_Code.dir/C_/Users/Lucas/.pico-sdk/sdk/2.1.0/src/rp2_common/pico_float/float_init_rom_rp2040.c.obj
                0x20000704                sf_table
 .bss.sleep_notifier
                0x20000804        0x4 CMakeFiles/SOS_Blinking_Morse_Code.dir/C_/Users/Lucas/.pico-sdk/sdk/2.1.0/src/common/pico_time/time.c.obj
 .bss.boot2_copyout_valid
                0x20000808        0x1 CMakeFiles/SOS_Blinking_Morse_Code.dir/C_/Users/Lucas/.pico-sdk/sdk/2.1.0/src/rp2_common/hardware_flash/flash.c.obj
 *(COMMON)
                0x2000080c                        . = ALIGN (0x4)
 *fill*         0x20000809        0x3 
                0x2000080c                        __bss_end__ = .

.heap           0x2000080c      0x800 load address 0x10001b20
                0x2000080c                        __end__ = .
                0x2000080c                        end = __end__
 *(.heap*)
 .heap          0x2000080c      0x800 CMakeFiles/SOS_Blinking_Morse_Code.dir/C_/Users/Lucas/.pico-sdk/sdk/2.1.0/src/rp2_common/pico_crt0/crt0.S.obj
                0x20040000                        __HeapLimit = (ORIGIN (RAM) + LENGTH (RAM))

.scratch_x      0x20040000        0x0 load address 0x10001b20
                0x20040000                        __scratch_x_start__ = .
 *(.scratch_x.*)
                0x20040000                        . = ALIGN (0x4)
                0x20040000                        __scratch_x_end__ = .
                0x10001b20                        __scratch_x_source__ = LOADADDR (.scratch_x)

.scratch_y      0x20041000        0x0 load address 0x10001b20
                0x20041000                        __scratch_y_start__ = .
 *(.scratch_y.*)
                0x20041000                        . = ALIGN (0x4)
                0x20041000                        __scratch_y_end__ = .
                0x10001b20                        __scratch_y_source__ = LOADADDR (.scratch_y)

.stack1_dummy
 *(.stack1*)

.stack_dummy    0x20041000      0x800
 *(.stack*)
 .stack         0x20041000      0x800 CMakeFiles/SOS_Blinking_Morse_Code.dir/C_/Users/Lucas/.pico-sdk/sdk/2.1.0/src/rp2_common/pico_crt0/crt0.S.obj

.flash_end      0x10001b20        0x0
 *(.embedded_end_block*)
                0x10001b20                        PROVIDE (__flash_binary_end = .)
                0x20040000                        __StackLimit = (ORIGIN (RAM) + LENGTH (RAM))
                0x20041000                        __StackOneTop = (ORIGIN (SCRATCH_X) + LENGTH (SCRATCH_X))
                0x20042000                        __StackTop = (ORIGIN (SCRATCH_Y) + LENGTH (SCRATCH_Y))
                0x20041000                        __StackOneBottom = (__StackOneTop - SIZEOF (.stack1_dummy))
                0x20041800                        __StackBottom = (__StackTop - SIZEOF (.stack_dummy))
                0x20042000                        PROVIDE (__stack = __StackTop)
                [!provide]                        PROVIDE (__heap_start = __end__)
                [!provide]                        PROVIDE (__heap_end = __HeapLimit)
                [!provide]                        PROVIDE (__tls_align = MAX (ALIGNOF (.tdata), ALIGNOF (.tbss)))
                [!provide]                        PROVIDE (__tls_size_align = (((__tls_size + __tls_align) - 0x1) & ~ ((__tls_align - 0x1))))
                [!provide]                        PROVIDE (__arm32_tls_tcb_offset = MAX (0x8, __tls_align))
                [!provide]                        PROVIDE (_end = __end__)
                [!provide]                        PROVIDE (__llvm_libc_heap_limit = __HeapLimit)
                0x00000001                        ASSERT ((__StackLimit >= __HeapLimit), region RAM overflowed)
                0x00000001                        ASSERT (((__binary_info_header_end - __logical_binary_start) <= 0x100), Binary info must be in first 256 bytes of the binary)
LOAD CMakeFiles/SOS_Blinking_Morse_Code.dir/SOS_Blinking_Morse_Code.c.obj
LOAD CMakeFiles/SOS_Blinking_Morse_Code.dir/C_/Users/Lucas/.pico-sdk/sdk/2.1.0/src/rp2_common/pico_stdlib/stdlib.c.obj
LOAD CMakeFiles/SOS_Blinking_Morse_Code.dir/C_/Users/Lucas/.pico-sdk/sdk/2.1.0/src/rp2_common/hardware_gpio/gpio.c.obj
LOAD CMakeFiles/SOS_Blinking_Morse_Code.dir/C_/Users/Lucas/.pico-sdk/sdk/2.1.0/src/rp2040/pico_platform/platform.c.obj
LOAD CMakeFiles/SOS_Blinking_Morse_Code.dir/C_/Users/Lucas/.pico-sdk/sdk/2.1.0/src/rp2_common/pico_platform_panic/panic.c.obj
LOAD CMakeFiles/SOS_Blinking_Morse_Code.dir/C_/Users/Lucas/.pico-sdk/sdk/2.1.0/src/common/hardware_claim/claim.c.obj
LOAD CMakeFiles/SOS_Blinking_Morse_Code.dir/C_/Users/Lucas/.pico-sdk/sdk/2.1.0/src/rp2_common/hardware_sync/sync.c.obj
LOAD CMakeFiles/SOS_Blinking_Morse_Code.dir/C_/Users/Lucas/.pico-sdk/sdk/2.1.0/src/rp2_common/hardware_sync_spin_lock/sync_spin_lock.c.obj
LOAD CMakeFiles/SOS_Blinking_Morse_Code.dir/C_/Users/Lucas/.pico-sdk/sdk/2.1.0/src/rp2_common/hardware_irq/irq.c.obj
LOAD CMakeFiles/SOS_Blinking_Morse_Code.dir/C_/Users/Lucas/.pico-sdk/sdk/2.1.0/src/rp2_common/hardware_irq/irq_handler_chain.S.obj
LOAD CMakeFiles/SOS_Blinking_Morse_Code.dir/C_/Users/Lucas/.pico-sdk/sdk/2.1.0/src/common/pico_sync/sem.c.obj
LOAD CMakeFiles/SOS_Blinking_Morse_Code.dir/C_/Users/Lucas/.pico-sdk/sdk/2.1.0/src/common/pico_sync/lock_core.c.obj
LOAD CMakeFiles/SOS_Blinking_Morse_Code.dir/C_/Users/Lucas/.pico-sdk/sdk/2.1.0/src/common/pico_sync/mutex.c.obj
LOAD CMakeFiles/SOS_Blinking_Morse_Code.dir/C_/Users/Lucas/.pico-sdk/sdk/2.1.0/src/common/pico_sync/critical_section.c.obj
LOAD CMakeFiles/SOS_Blinking_Morse_Code.dir/C_/Users/Lucas/.pico-sdk/sdk/2.1.0/src/common/pico_time/time.c.obj
LOAD CMakeFiles/SOS_Blinking_Morse_Code.dir/C_/Users/Lucas/.pico-sdk/sdk/2.1.0/src/common/pico_time/timeout_helper.c.obj
LOAD CMakeFiles/SOS_Blinking_Morse_Code.dir/C_/Users/Lucas/.pico-sdk/sdk/2.1.0/src/rp2_common/hardware_timer/timer.c.obj
LOAD CMakeFiles/SOS_Blinking_Morse_Code.dir/C_/Users/Lucas/.pico-sdk/sdk/2.1.0/src/common/pico_util/datetime.c.obj
LOAD CMakeFiles/SOS_Blinking_Morse_Code.dir/C_/Users/Lucas/.pico-sdk/sdk/2.1.0/src/common/pico_util/pheap.c.obj
LOAD CMakeFiles/SOS_Blinking_Morse_Code.dir/C_/Users/Lucas/.pico-sdk/sdk/2.1.0/src/common/pico_util/queue.c.obj
LOAD CMakeFiles/SOS_Blinking_Morse_Code.dir/C_/Users/Lucas/.pico-sdk/sdk/2.1.0/src/rp2_common/hardware_uart/uart.c.obj
LOAD CMakeFiles/SOS_Blinking_Morse_Code.dir/C_/Users/Lucas/.pico-sdk/sdk/2.1.0/src/rp2_common/hardware_clocks/clocks.c.obj
LOAD CMakeFiles/SOS_Blinking_Morse_Code.dir/C_/Users/Lucas/.pico-sdk/sdk/2.1.0/src/rp2_common/hardware_pll/pll.c.obj
LOAD CMakeFiles/SOS_Blinking_Morse_Code.dir/C_/Users/Lucas/.pico-sdk/sdk/2.1.0/src/rp2_common/hardware_vreg/vreg.c.obj
LOAD CMakeFiles/SOS_Blinking_Morse_Code.dir/C_/Users/Lucas/.pico-sdk/sdk/2.1.0/src/rp2_common/hardware_watchdog/watchdog.c.obj
LOAD CMakeFiles/SOS_Blinking_Morse_Code.dir/C_/Users/Lucas/.pico-sdk/sdk/2.1.0/src/rp2_common/hardware_ticks/ticks.c.obj
LOAD CMakeFiles/SOS_Blinking_Morse_Code.dir/C_/Users/Lucas/.pico-sdk/sdk/2.1.0/src/rp2_common/pico_bootrom/bootrom.c.obj
LOAD CMakeFiles/SOS_Blinking_Morse_Code.dir/C_/Users/Lucas/.pico-sdk/sdk/2.1.0/src/rp2_common/pico_bootrom/bootrom_lock.c.obj
LOAD CMakeFiles/SOS_Blinking_Morse_Code.dir/C_/Users/Lucas/.pico-sdk/sdk/2.1.0/src/rp2_common/hardware_boot_lock/boot_lock.c.obj
LOAD CMakeFiles/SOS_Blinking_Morse_Code.dir/C_/Users/Lucas/.pico-sdk/sdk/2.1.0/src/rp2_common/pico_flash/flash.c.obj
LOAD CMakeFiles/SOS_Blinking_Morse_Code.dir/C_/Users/Lucas/.pico-sdk/sdk/2.1.0/src/rp2_common/hardware_xosc/xosc.c.obj
LOAD CMakeFiles/SOS_Blinking_Morse_Code.dir/C_/Users/Lucas/.pico-sdk/sdk/2.1.0/src/rp2_common/hardware_divider/divider.S.obj
LOAD CMakeFiles/SOS_Blinking_Morse_Code.dir/C_/Users/Lucas/.pico-sdk/sdk/2.1.0/src/rp2_common/pico_runtime/runtime.c.obj
LOAD CMakeFiles/SOS_Blinking_Morse_Code.dir/C_/Users/Lucas/.pico-sdk/sdk/2.1.0/src/rp2_common/pico_runtime_init/runtime_init.c.obj
LOAD CMakeFiles/SOS_Blinking_Morse_Code.dir/C_/Users/Lucas/.pico-sdk/sdk/2.1.0/src/rp2_common/pico_runtime_init/runtime_init_clocks.c.obj
LOAD CMakeFiles/SOS_Blinking_Morse_Code.dir/C_/Users/Lucas/.pico-sdk/sdk/2.1.0/src/rp2_common/pico_runtime_init/runtime_init_stack_guard.c.obj
LOAD CMakeFiles/SOS_Blinking_Morse_Code.dir/C_/Users/Lucas/.pico-sdk/sdk/2.1.0/src/rp2_common/pico_bit_ops/bit_ops_aeabi.S.obj
LOAD CMakeFiles/SOS_Blinking_Morse_Code.dir/C_/Users/Lucas/.pico-sdk/sdk/2.1.0/src/rp2_common/pico_divider/divider_hardware.S.obj
LOAD CMakeFiles/SOS_Blinking_Morse_Code.dir/C_/Users/Lucas/.pico-sdk/sdk/2.1.0/src/rp2_common/pico_double/double_aeabi_rp2040.S.obj
LOAD CMakeFiles/SOS_Blinking_Morse_Code.dir/C_/Users/Lucas/.pico-sdk/sdk/2.1.0/src/rp2_common/pico_double/double_init_rom_rp2040.c.obj
LOAD CMakeFiles/SOS_Blinking_Morse_Code.dir/C_/Users/Lucas/.pico-sdk/sdk/2.1.0/src/rp2_common/pico_double/double_math.c.obj
LOAD CMakeFiles/SOS_Blinking_Morse_Code.dir/C_/Users/Lucas/.pico-sdk/sdk/2.1.0/src/rp2_common/pico_double/double_v1_rom_shim_rp2040.S.obj
LOAD CMakeFiles/SOS_Blinking_Morse_Code.dir/C_/Users/Lucas/.pico-sdk/sdk/2.1.0/src/rp2_common/pico_int64_ops/pico_int64_ops_aeabi.S.obj
LOAD CMakeFiles/SOS_Blinking_Morse_Code.dir/C_/Users/Lucas/.pico-sdk/sdk/2.1.0/src/rp2_common/pico_float/float_aeabi_rp2040.S.obj
LOAD CMakeFiles/SOS_Blinking_Morse_Code.dir/C_/Users/Lucas/.pico-sdk/sdk/2.1.0/src/rp2_common/pico_float/float_init_rom_rp2040.c.obj
LOAD CMakeFiles/SOS_Blinking_Morse_Code.dir/C_/Users/Lucas/.pico-sdk/sdk/2.1.0/src/rp2_common/pico_float/float_math.c.obj
LOAD CMakeFiles/SOS_Blinking_Morse_Code.dir/C_/Users/Lucas/.pico-sdk/sdk/2.1.0/src/rp2_common/pico_float/float_v1_rom_shim_rp2040.S.obj
LOAD CMakeFiles/SOS_Blinking_Morse_Code.dir/C_/Users/Lucas/.pico-sdk/sdk/2.1.0/src/rp2_common/pico_malloc/malloc.c.obj
LOAD CMakeFiles/SOS_Blinking_Morse_Code.dir/C_/Users/Lucas/.pico-sdk/sdk/2.1.0/src/rp2_common/pico_mem_ops/mem_ops_aeabi.S.obj
LOAD CMakeFiles/SOS_Blinking_Morse_Code.dir/C_/Users/Lucas/.pico-sdk/sdk/2.1.0/src/rp2_common/pico_atomic/atomic.c.obj
LOAD CMakeFiles/SOS_Blinking_Morse_Code.dir/C_/Users/Lucas/.pico-sdk/sdk/2.1.0/src/rp2_common/pico_cxx_options/new_delete.cpp.obj
LOAD CMakeFiles/SOS_Blinking_Morse_Code.dir/C_/Users/Lucas/.pico-sdk/sdk/2.1.0/src/rp2_common/pico_standard_binary_info/standard_binary_info.c.obj
LOAD CMakeFiles/SOS_Blinking_Morse_Code.dir/C_/Users/Lucas/.pico-sdk/sdk/2.1.0/src/rp2_common/pico_printf/printf.c.obj
LOAD CMakeFiles/SOS_Blinking_Morse_Code.dir/C_/Users/Lucas/.pico-sdk/sdk/2.1.0/src/rp2_common/pico_crt0/crt0.S.obj
LOAD CMakeFiles/SOS_Blinking_Morse_Code.dir/C_/Users/Lucas/.pico-sdk/sdk/2.1.0/src/rp2_common/pico_clib_interface/newlib_interface.c.obj
LOAD CMakeFiles/SOS_Blinking_Morse_Code.dir/C_/Users/Lucas/.pico-sdk/sdk/2.1.0/src/rp2_common/pico_stdio/stdio.c.obj
LOAD CMakeFiles/SOS_Blinking_Morse_Code.dir/C_/Users/Lucas/.pico-sdk/sdk/2.1.0/src/rp2_common/pico_stdio_uart/stdio_uart.c.obj
LOAD CMakeFiles/SOS_Blinking_Morse_Code.dir/C_/Users/Lucas/.pico-sdk/sdk/2.1.0/src/rp2_common/pico_stdio_usb/reset_interface.c.obj
LOAD CMakeFiles/SOS_Blinking_Morse_Code.dir/C_/Users/Lucas/.pico-sdk/sdk/2.1.0/src/rp2_common/pico_stdio_usb/stdio_usb.c.obj
LOAD CMakeFiles/SOS_Blinking_Morse_Code.dir/C_/Users/Lucas/.pico-sdk/sdk/2.1.0/src/rp2_common/pico_stdio_usb/stdio_usb_descriptors.c.obj
LOAD CMakeFiles/SOS_Blinking_Morse_Code.dir/C_/Users/Lucas/.pico-sdk/sdk/2.1.0/src/rp2_common/pico_unique_id/unique_id.c.obj
LOAD CMakeFiles/SOS_Blinking_Morse_Code.dir/C_/Users/Lucas/.pico-sdk/sdk/2.1.0/src/rp2_common/hardware_flash/flash.c.obj
LOAD CMakeFiles/SOS_Blinking_Morse_Code.dir/C_/Users/Lucas/.pico-sdk/sdk/2.1.0/src/rp2_common/hardware_xip_cache/xip_cache.c.obj
LOAD CMakeFiles/SOS_Blinking_Morse_Code.dir/C_/Users/Lucas/.pico-sdk/sdk/2.1.0/lib/tinyusb/src/portable/raspberrypi/rp2040/dcd_rp2040.c.obj
LOAD CMakeFiles/SOS_Blinking_Morse_Code.dir/C_/Users/Lucas/.pico-sdk/sdk/2.1.0/lib/tinyusb/src/portable/raspberrypi/rp2040/rp2040_usb.c.obj
LOAD CMakeFiles/SOS_Blinking_Morse_Code.dir/C_/Users/Lucas/.pico-sdk/sdk/2.1.0/lib/tinyusb/src/device/usbd.c.obj
LOAD CMakeFiles/SOS_Blinking_Morse_Code.dir/C_/Users/Lucas/.pico-sdk/sdk/2.1.0/lib/tinyusb/src/device/usbd_control.c.obj
LOAD CMakeFiles/SOS_Blinking_Morse_Code.dir/C_/Users/Lucas/.pico-sdk/sdk/2.1.0/lib/tinyusb/src/class/audio/audio_device.c.obj
LOAD CMakeFiles/SOS_Blinking_Morse_Code.dir/C_/Users/Lucas/.pico-sdk/sdk/2.1.0/lib/tinyusb/src/class/cdc/cdc_device.c.obj
LOAD CMakeFiles/SOS_Blinking_Morse_Code.dir/C_/Users/Lucas/.pico-sdk/sdk/2.1.0/lib/tinyusb/src/class/dfu/dfu_device.c.obj
LOAD CMakeFiles/SOS_Blinking_Morse_Code.dir/C_/Users/Lucas/.pico-sdk/sdk/2.1.0/lib/tinyusb/src/class/dfu/dfu_rt_device.c.obj
LOAD CMakeFiles/SOS_Blinking_Morse_Code.dir/C_/Users/Lucas/.pico-sdk/sdk/2.1.0/lib/tinyusb/src/class/hid/hid_device.c.obj
LOAD CMakeFiles/SOS_Blinking_Morse_Code.dir/C_/Users/Lucas/.pico-sdk/sdk/2.1.0/lib/tinyusb/src/class/midi/midi_device.c.obj
LOAD CMakeFiles/SOS_Blinking_Morse_Code.dir/C_/Users/Lucas/.pico-sdk/sdk/2.1.0/lib/tinyusb/src/class/msc/msc_device.c.obj
LOAD CMakeFiles/SOS_Blinking_Morse_Code.dir/C_/Users/Lucas/.pico-sdk/sdk/2.1.0/lib/tinyusb/src/class/net/ecm_rndis_device.c.obj
LOAD CMakeFiles/SOS_Blinking_Morse_Code.dir/C_/Users/Lucas/.pico-sdk/sdk/2.1.0/lib/tinyusb/src/class/net/ncm_device.c.obj
LOAD CMakeFiles/SOS_Blinking_Morse_Code.dir/C_/Users/Lucas/.pico-sdk/sdk/2.1.0/lib/tinyusb/src/class/usbtmc/usbtmc_device.c.obj
LOAD CMakeFiles/SOS_Blinking_Morse_Code.dir/C_/Users/Lucas/.pico-sdk/sdk/2.1.0/lib/tinyusb/src/class/vendor/vendor_device.c.obj
LOAD CMakeFiles/SOS_Blinking_Morse_Code.dir/C_/Users/Lucas/.pico-sdk/sdk/2.1.0/lib/tinyusb/src/class/video/video_device.c.obj
LOAD CMakeFiles/SOS_Blinking_Morse_Code.dir/C_/Users/Lucas/.pico-sdk/sdk/2.1.0/lib/tinyusb/src/tusb.c.obj
LOAD CMakeFiles/SOS_Blinking_Morse_Code.dir/C_/Users/Lucas/.pico-sdk/sdk/2.1.0/lib/tinyusb/src/common/tusb_fifo.c.obj
LOAD CMakeFiles/SOS_Blinking_Morse_Code.dir/C_/Users/Lucas/.pico-sdk/sdk/2.1.0/src/rp2_common/pico_fix/rp2040_usb_device_enumeration/rp2040_usb_device_enumeration.c.obj
LOAD pico-sdk/src/rp2040/boot_stage2/CMakeFiles/bs2_default_library.dir/./bs2_default_padded_checksummed.S.obj
LOAD C:/Users/Lucas/.pico-sdk/toolchain/13_3_Rel1/bin/../lib/gcc/arm-none-eabi/13.3.1/thumb/v6-m/nofp\libstdc++.a
LOAD C:/Users/Lucas/.pico-sdk/toolchain/13_3_Rel1/bin/../lib/gcc/arm-none-eabi/13.3.1/thumb/v6-m/nofp\libm.a
START GROUP
LOAD C:/Users/Lucas/.pico-sdk/toolchain/13_3_Rel1/bin/../lib/gcc/arm-none-eabi/13.3.1/thumb/v6-m/nofp\libgcc.a
LOAD C:/Users/Lucas/.pico-sdk/toolchain/13_3_Rel1/bin/../lib/gcc/arm-none-eabi/13.3.1/thumb/v6-m/nofp\libg.a
LOAD C:/Users/Lucas/.pico-sdk/toolchain/13_3_Rel1/bin/../lib/gcc/arm-none-eabi/13.3.1/thumb/v6-m/nofp\libc.a
END GROUP
START GROUP
LOAD C:/Users/Lucas/.pico-sdk/toolchain/13_3_Rel1/bin/../lib/gcc/arm-none-eabi/13.3.1/thumb/v6-m/nofp\libgcc.a
LOAD C:/Users/Lucas/.pico-sdk/toolchain/13_3_Rel1/bin/../lib/gcc/arm-none-eabi/13.3.1/thumb/v6-m/nofp\libc.a
LOAD C:/Users/Lucas/.pico-sdk/toolchain/13_3_Rel1/bin/../lib/gcc/arm-none-eabi/13.3.1/thumb/v6-m/nofp\libnosys.a
END GROUP
LOAD C:/Users/Lucas/.pico-sdk/toolchain/13_3_Rel1/bin/../lib/gcc/arm-none-eabi/13.3.1/thumb/v6-m/nofp/crtend.o
LOAD C:/Users/Lucas/.pico-sdk/toolchain/13_3_Rel1/bin/../lib/gcc/arm-none-eabi/13.3.1/thumb/v6-m/nofp/crtn.o
OUTPUT(SOS_Blinking_Morse_Code.elf elf32-littlearm)
LOAD linker stubs

.ARM.attributes
                0x00000000       0x28
 .ARM.attributes
                0x00000000       0x1e C:/Users/Lucas/.pico-sdk/toolchain/13_3_Rel1/bin/../lib/gcc/arm-none-eabi/13.3.1/thumb/v6-m/nofp/crti.o
 .ARM.attributes
                0x0000001e       0x2c C:/Users/Lucas/.pico-sdk/toolchain/13_3_Rel1/bin/../lib/gcc/arm-none-eabi/13.3.1/thumb/v6-m/nofp/crtbegin.o
 .ARM.attributes
                0x0000004a       0x2c CMakeFiles/SOS_Blinking_Morse_Code.dir/SOS_Blinking_Morse_Code.c.obj
 .ARM.attributes
                0x00000076       0x2c CMakeFiles/SOS_Blinking_Morse_Code.dir/C_/Users/Lucas/.pico-sdk/sdk/2.1.0/src/rp2_common/hardware_gpio/gpio.c.obj
 .ARM.attributes
                0x000000a2       0x2c CMakeFiles/SOS_Blinking_Morse_Code.dir/C_/Users/Lucas/.pico-sdk/sdk/2.1.0/src/rp2_common/pico_platform_panic/panic.c.obj
 .ARM.attributes
                0x000000ce       0x2c CMakeFiles/SOS_Blinking_Morse_Code.dir/C_/Users/Lucas/.pico-sdk/sdk/2.1.0/src/common/hardware_claim/claim.c.obj
 .ARM.attributes
                0x000000fa       0x2c CMakeFiles/SOS_Blinking_Morse_Code.dir/C_/Users/Lucas/.pico-sdk/sdk/2.1.0/src/rp2_common/hardware_sync/sync.c.obj
 .ARM.attributes
                0x00000126       0x2c CMakeFiles/SOS_Blinking_Morse_Code.dir/C_/Users/Lucas/.pico-sdk/sdk/2.1.0/src/rp2_common/hardware_sync_spin_lock/sync_spin_lock.c.obj
 .ARM.attributes
                0x00000152       0x2c CMakeFiles/SOS_Blinking_Morse_Code.dir/C_/Users/Lucas/.pico-sdk/sdk/2.1.0/src/rp2_common/hardware_irq/irq.c.obj
 .ARM.attributes
                0x0000017e       0x2c CMakeFiles/SOS_Blinking_Morse_Code.dir/C_/Users/Lucas/.pico-sdk/sdk/2.1.0/src/common/pico_sync/lock_core.c.obj
 .ARM.attributes
                0x000001aa       0x2c CMakeFiles/SOS_Blinking_Morse_Code.dir/C_/Users/Lucas/.pico-sdk/sdk/2.1.0/src/common/pico_sync/mutex.c.obj
 .ARM.attributes
                0x000001d6       0x2c CMakeFiles/SOS_Blinking_Morse_Code.dir/C_/Users/Lucas/.pico-sdk/sdk/2.1.0/src/common/pico_time/time.c.obj
 .ARM.attributes
                0x00000202       0x2c CMakeFiles/SOS_Blinking_Morse_Code.dir/C_/Users/Lucas/.pico-sdk/sdk/2.1.0/src/rp2_common/hardware_timer/timer.c.obj
 .ARM.attributes
                0x0000022e       0x2c CMakeFiles/SOS_Blinking_Morse_Code.dir/C_/Users/Lucas/.pico-sdk/sdk/2.1.0/src/rp2_common/hardware_clocks/clocks.c.obj
 .ARM.attributes
                0x0000025a       0x2c CMakeFiles/SOS_Blinking_Morse_Code.dir/C_/Users/Lucas/.pico-sdk/sdk/2.1.0/src/rp2_common/hardware_pll/pll.c.obj
 .ARM.attributes
                0x00000286       0x2c CMakeFiles/SOS_Blinking_Morse_Code.dir/C_/Users/Lucas/.pico-sdk/sdk/2.1.0/src/rp2_common/hardware_ticks/ticks.c.obj
 .ARM.attributes
                0x000002b2       0x2c CMakeFiles/SOS_Blinking_Morse_Code.dir/C_/Users/Lucas/.pico-sdk/sdk/2.1.0/src/rp2_common/pico_bootrom/bootrom.c.obj
 .ARM.attributes
                0x000002de       0x2c CMakeFiles/SOS_Blinking_Morse_Code.dir/C_/Users/Lucas/.pico-sdk/sdk/2.1.0/src/rp2_common/hardware_xosc/xosc.c.obj
 .ARM.attributes
                0x0000030a       0x2c CMakeFiles/SOS_Blinking_Morse_Code.dir/C_/Users/Lucas/.pico-sdk/sdk/2.1.0/src/rp2_common/pico_runtime/runtime.c.obj
 .ARM.attributes
                0x00000336       0x2c CMakeFiles/SOS_Blinking_Morse_Code.dir/C_/Users/Lucas/.pico-sdk/sdk/2.1.0/src/rp2_common/pico_runtime_init/runtime_init.c.obj
 .ARM.attributes
                0x00000362       0x2c CMakeFiles/SOS_Blinking_Morse_Code.dir/C_/Users/Lucas/.pico-sdk/sdk/2.1.0/src/rp2_common/pico_runtime_init/runtime_init_clocks.c.obj
 .ARM.attributes
                0x0000038e       0x22 CMakeFiles/SOS_Blinking_Morse_Code.dir/C_/Users/Lucas/.pico-sdk/sdk/2.1.0/src/rp2_common/pico_bit_ops/bit_ops_aeabi.S.obj
 .ARM.attributes
                0x000003b0       0x22 CMakeFiles/SOS_Blinking_Morse_Code.dir/C_/Users/Lucas/.pico-sdk/sdk/2.1.0/src/rp2_common/pico_divider/divider_hardware.S.obj
 .ARM.attributes
                0x000003d2       0x22 CMakeFiles/SOS_Blinking_Morse_Code.dir/C_/Users/Lucas/.pico-sdk/sdk/2.1.0/src/rp2_common/pico_double/double_aeabi_rp2040.S.obj
 .ARM.attributes
                0x000003f4       0x2c CMakeFiles/SOS_Blinking_Morse_Code.dir/C_/Users/Lucas/.pico-sdk/sdk/2.1.0/src/rp2_common/pico_double/double_init_rom_rp2040.c.obj
 .ARM.attributes
                0x00000420       0x22 CMakeFiles/SOS_Blinking_Morse_Code.dir/C_/Users/Lucas/.pico-sdk/sdk/2.1.0/src/rp2_common/pico_double/double_v1_rom_shim_rp2040.S.obj
 .ARM.attributes
                0x00000442       0x22 CMakeFiles/SOS_Blinking_Morse_Code.dir/C_/Users/Lucas/.pico-sdk/sdk/2.1.0/src/rp2_common/pico_int64_ops/pico_int64_ops_aeabi.S.obj
 .ARM.attributes
                0x00000464       0x22 CMakeFiles/SOS_Blinking_Morse_Code.dir/C_/Users/Lucas/.pico-sdk/sdk/2.1.0/src/rp2_common/pico_float/float_aeabi_rp2040.S.obj
 .ARM.attributes
                0x00000486       0x2c CMakeFiles/SOS_Blinking_Morse_Code.dir/C_/Users/Lucas/.pico-sdk/sdk/2.1.0/src/rp2_common/pico_float/float_init_rom_rp2040.c.obj
 .ARM.attributes
                0x000004b2       0x22 CMakeFiles/SOS_Blinking_Morse_Code.dir/C_/Users/Lucas/.pico-sdk/sdk/2.1.0/src/rp2_common/pico_mem_ops/mem_ops_aeabi.S.obj
 .ARM.attributes
                0x000004d4       0x2c CMakeFiles/SOS_Blinking_Morse_Code.dir/C_/Users/Lucas/.pico-sdk/sdk/2.1.0/src/rp2_common/pico_standard_binary_info/standard_binary_info.c.obj
 .ARM.attributes
                0x00000500       0x2c CMakeFiles/SOS_Blinking_Morse_Code.dir/C_/Users/Lucas/.pico-sdk/sdk/2.1.0/src/rp2_common/pico_printf/printf.c.obj
 .ARM.attributes
                0x0000052c       0x22 CMakeFiles/SOS_Blinking_Morse_Code.dir/C_/Users/Lucas/.pico-sdk/sdk/2.1.0/src/rp2_common/pico_crt0/crt0.S.obj
 .ARM.attributes
                0x0000054e       0x2c CMakeFiles/SOS_Blinking_Morse_Code.dir/C_/Users/Lucas/.pico-sdk/sdk/2.1.0/src/rp2_common/pico_clib_interface/newlib_interface.c.obj
 .ARM.attributes
                0x0000057a       0x2c CMakeFiles/SOS_Blinking_Morse_Code.dir/C_/Users/Lucas/.pico-sdk/sdk/2.1.0/src/rp2_common/pico_stdio/stdio.c.obj
 .ARM.attributes
                0x000005a6       0x2c CMakeFiles/SOS_Blinking_Morse_Code.dir/C_/Users/Lucas/.pico-sdk/sdk/2.1.0/src/rp2_common/pico_unique_id/unique_id.c.obj
 .ARM.attributes
                0x000005d2       0x2c CMakeFiles/SOS_Blinking_Morse_Code.dir/C_/Users/Lucas/.pico-sdk/sdk/2.1.0/src/rp2_common/hardware_flash/flash.c.obj
 .ARM.attributes
                0x000005fe       0x22 pico-sdk/src/rp2040/boot_stage2/CMakeFiles/bs2_default_library.dir/./bs2_default_padded_checksummed.S.obj
 .ARM.attributes
                0x00000620       0x1e C:/Users/Lucas/.pico-sdk/toolchain/13_3_Rel1/bin/../lib/gcc/arm-none-eabi/13.3.1/thumb/v6-m/nofp\libgcc.a(_dvmd_tls.o)
 .ARM.attributes
                0x0000063e       0x2c C:/Users/Lucas/.pico-sdk/toolchain/13_3_Rel1/bin/../lib/gcc/arm-none-eabi/13.3.1/thumb/v6-m/nofp\libg.a(libc_a-strlen-stub.o)
 .ARM.attributes
                0x0000066a       0x2c C:/Users/Lucas/.pico-sdk/toolchain/13_3_Rel1/bin/../lib/gcc/arm-none-eabi/13.3.1/thumb/v6-m/nofp/crtend.o

.comment        0x00000000       0x45
 .comment       0x00000000       0x45 CMakeFiles/SOS_Blinking_Morse_Code.dir/SOS_Blinking_Morse_Code.c.obj
                                 0x46 (size before relaxing)
 .comment       0x00000045       0x46 CMakeFiles/SOS_Blinking_Morse_Code.dir/C_/Users/Lucas/.pico-sdk/sdk/2.1.0/src/rp2_common/hardware_gpio/gpio.c.obj
 .comment       0x00000045       0x46 CMakeFiles/SOS_Blinking_Morse_Code.dir/C_/Users/Lucas/.pico-sdk/sdk/2.1.0/src/rp2_common/pico_platform_panic/panic.c.obj
 .comment       0x00000045       0x46 CMakeFiles/SOS_Blinking_Morse_Code.dir/C_/Users/Lucas/.pico-sdk/sdk/2.1.0/src/common/hardware_claim/claim.c.obj
 .comment       0x00000045       0x46 CMakeFiles/SOS_Blinking_Morse_Code.dir/C_/Users/Lucas/.pico-sdk/sdk/2.1.0/src/rp2_common/hardware_sync/sync.c.obj
 .comment       0x00000045       0x46 CMakeFiles/SOS_Blinking_Morse_Code.dir/C_/Users/Lucas/.pico-sdk/sdk/2.1.0/src/rp2_common/hardware_sync_spin_lock/sync_spin_lock.c.obj
 .comment       0x00000045       0x46 CMakeFiles/SOS_Blinking_Morse_Code.dir/C_/Users/Lucas/.pico-sdk/sdk/2.1.0/src/rp2_common/hardware_irq/irq.c.obj
 .comment       0x00000045       0x46 CMakeFiles/SOS_Blinking_Morse_Code.dir/C_/Users/Lucas/.pico-sdk/sdk/2.1.0/src/common/pico_sync/lock_core.c.obj
 .comment       0x00000045       0x46 CMakeFiles/SOS_Blinking_Morse_Code.dir/C_/Users/Lucas/.pico-sdk/sdk/2.1.0/src/common/pico_sync/mutex.c.obj
 .comment       0x00000045       0x46 CMakeFiles/SOS_Blinking_Morse_Code.dir/C_/Users/Lucas/.pico-sdk/sdk/2.1.0/src/common/pico_time/time.c.obj
 .comment       0x00000045       0x46 CMakeFiles/SOS_Blinking_Morse_Code.dir/C_/Users/Lucas/.pico-sdk/sdk/2.1.0/src/rp2_common/hardware_timer/timer.c.obj
 .comment       0x00000045       0x46 CMakeFiles/SOS_Blinking_Morse_Code.dir/C_/Users/Lucas/.pico-sdk/sdk/2.1.0/src/rp2_common/hardware_clocks/clocks.c.obj
 .comment       0x00000045       0x46 CMakeFiles/SOS_Blinking_Morse_Code.dir/C_/Users/Lucas/.pico-sdk/sdk/2.1.0/src/rp2_common/hardware_pll/pll.c.obj
 .comment       0x00000045       0x46 CMakeFiles/SOS_Blinking_Morse_Code.dir/C_/Users/Lucas/.pico-sdk/sdk/2.1.0/src/rp2_common/hardware_ticks/ticks.c.obj
 .comment       0x00000045       0x46 CMakeFiles/SOS_Blinking_Morse_Code.dir/C_/Users/Lucas/.pico-sdk/sdk/2.1.0/src/rp2_common/pico_bootrom/bootrom.c.obj
 .comment       0x00000045       0x46 CMakeFiles/SOS_Blinking_Morse_Code.dir/C_/Users/Lucas/.pico-sdk/sdk/2.1.0/src/rp2_common/hardware_xosc/xosc.c.obj
 .comment       0x00000045       0x46 CMakeFiles/SOS_Blinking_Morse_Code.dir/C_/Users/Lucas/.pico-sdk/sdk/2.1.0/src/rp2_common/pico_runtime/runtime.c.obj
 .comment       0x00000045       0x46 CMakeFiles/SOS_Blinking_Morse_Code.dir/C_/Users/Lucas/.pico-sdk/sdk/2.1.0/src/rp2_common/pico_runtime_init/runtime_init.c.obj
 .comment       0x00000045       0x46 CMakeFiles/SOS_Blinking_Morse_Code.dir/C_/Users/Lucas/.pico-sdk/sdk/2.1.0/src/rp2_common/pico_runtime_init/runtime_init_clocks.c.obj
 .comment       0x00000045       0x46 CMakeFiles/SOS_Blinking_Morse_Code.dir/C_/Users/Lucas/.pico-sdk/sdk/2.1.0/src/rp2_common/pico_double/double_init_rom_rp2040.c.obj
 .comment       0x00000045       0x46 CMakeFiles/SOS_Blinking_Morse_Code.dir/C_/Users/Lucas/.pico-sdk/sdk/2.1.0/src/rp2_common/pico_float/float_init_rom_rp2040.c.obj
 .comment       0x00000045       0x46 CMakeFiles/SOS_Blinking_Morse_Code.dir/C_/Users/Lucas/.pico-sdk/sdk/2.1.0/src/rp2_common/pico_standard_binary_info/standard_binary_info.c.obj
 .comment       0x00000045       0x46 CMakeFiles/SOS_Blinking_Morse_Code.dir/C_/Users/Lucas/.pico-sdk/sdk/2.1.0/src/rp2_common/pico_printf/printf.c.obj
 .comment       0x00000045       0x46 CMakeFiles/SOS_Blinking_Morse_Code.dir/C_/Users/Lucas/.pico-sdk/sdk/2.1.0/src/rp2_common/pico_clib_interface/newlib_interface.c.obj
 .comment       0x00000045       0x46 CMakeFiles/SOS_Blinking_Morse_Code.dir/C_/Users/Lucas/.pico-sdk/sdk/2.1.0/src/rp2_common/pico_stdio/stdio.c.obj
 .comment       0x00000045       0x46 CMakeFiles/SOS_Blinking_Morse_Code.dir/C_/Users/Lucas/.pico-sdk/sdk/2.1.0/src/rp2_common/pico_unique_id/unique_id.c.obj
 .comment       0x00000045       0x46 CMakeFiles/SOS_Blinking_Morse_Code.dir/C_/Users/Lucas/.pico-sdk/sdk/2.1.0/src/rp2_common/hardware_flash/flash.c.obj

.debug_info     0x00000000    0x1b174
 .debug_info    0x00000000      0xb52 CMakeFiles/SOS_Blinking_Morse_Code.dir/SOS_Blinking_Morse_Code.c.obj
 .debug_info    0x00000b52     0x2437 CMakeFiles/SOS_Blinking_Morse_Code.dir/C_/Users/Lucas/.pico-sdk/sdk/2.1.0/src/rp2_common/hardware_gpio/gpio.c.obj
 .debug_info    0x00002f89      0x1bf CMakeFiles/SOS_Blinking_Morse_Code.dir/C_/Users/Lucas/.pico-sdk/sdk/2.1.0/src/rp2_common/pico_platform_panic/panic.c.obj
 .debug_info    0x00003148      0x995 CMakeFiles/SOS_Blinking_Morse_Code.dir/C_/Users/Lucas/.pico-sdk/sdk/2.1.0/src/common/hardware_claim/claim.c.obj
 .debug_info    0x00003add      0x458 CMakeFiles/SOS_Blinking_Morse_Code.dir/C_/Users/Lucas/.pico-sdk/sdk/2.1.0/src/rp2_common/hardware_sync/sync.c.obj
 .debug_info    0x00003f35      0x245 CMakeFiles/SOS_Blinking_Morse_Code.dir/C_/Users/Lucas/.pico-sdk/sdk/2.1.0/src/rp2_common/hardware_sync_spin_lock/sync_spin_lock.c.obj
 .debug_info    0x0000417a     0x21a8 CMakeFiles/SOS_Blinking_Morse_Code.dir/C_/Users/Lucas/.pico-sdk/sdk/2.1.0/src/rp2_common/hardware_irq/irq.c.obj
 .debug_info    0x00006322      0x15f CMakeFiles/SOS_Blinking_Morse_Code.dir/C_/Users/Lucas/.pico-sdk/sdk/2.1.0/src/common/pico_sync/lock_core.c.obj
 .debug_info    0x00006481     0x2803 CMakeFiles/SOS_Blinking_Morse_Code.dir/C_/Users/Lucas/.pico-sdk/sdk/2.1.0/src/common/pico_sync/mutex.c.obj
 .debug_info    0x00008c84     0x485e CMakeFiles/SOS_Blinking_Morse_Code.dir/C_/Users/Lucas/.pico-sdk/sdk/2.1.0/src/common/pico_time/time.c.obj
 .debug_info    0x0000d4e2     0x2b11 CMakeFiles/SOS_Blinking_Morse_Code.dir/C_/Users/Lucas/.pico-sdk/sdk/2.1.0/src/rp2_common/hardware_timer/timer.c.obj
 .debug_info    0x0000fff3     0x2935 CMakeFiles/SOS_Blinking_Morse_Code.dir/C_/Users/Lucas/.pico-sdk/sdk/2.1.0/src/rp2_common/hardware_clocks/clocks.c.obj
 .debug_info    0x00012928      0x4e5 CMakeFiles/SOS_Blinking_Morse_Code.dir/C_/Users/Lucas/.pico-sdk/sdk/2.1.0/src/rp2_common/hardware_pll/pll.c.obj
 .debug_info    0x00012e0d      0x248 CMakeFiles/SOS_Blinking_Morse_Code.dir/C_/Users/Lucas/.pico-sdk/sdk/2.1.0/src/rp2_common/hardware_ticks/ticks.c.obj
 .debug_info    0x00013055      0x633 CMakeFiles/SOS_Blinking_Morse_Code.dir/C_/Users/Lucas/.pico-sdk/sdk/2.1.0/src/rp2_common/pico_bootrom/bootrom.c.obj
 .debug_info    0x00013688      0x1cc CMakeFiles/SOS_Blinking_Morse_Code.dir/C_/Users/Lucas/.pico-sdk/sdk/2.1.0/src/rp2_common/hardware_xosc/xosc.c.obj
 .debug_info    0x00013854      0x21a CMakeFiles/SOS_Blinking_Morse_Code.dir/C_/Users/Lucas/.pico-sdk/sdk/2.1.0/src/rp2_common/pico_runtime/runtime.c.obj
 .debug_info    0x00013a6e      0x795 CMakeFiles/SOS_Blinking_Morse_Code.dir/C_/Users/Lucas/.pico-sdk/sdk/2.1.0/src/rp2_common/pico_runtime_init/runtime_init.c.obj
 .debug_info    0x00014203      0x780 CMakeFiles/SOS_Blinking_Morse_Code.dir/C_/Users/Lucas/.pico-sdk/sdk/2.1.0/src/rp2_common/pico_runtime_init/runtime_init_clocks.c.obj
 .debug_info    0x00014983       0x23 CMakeFiles/SOS_Blinking_Morse_Code.dir/C_/Users/Lucas/.pico-sdk/sdk/2.1.0/src/rp2_common/pico_bit_ops/bit_ops_aeabi.S.obj
 .debug_info    0x000149a6       0x23 CMakeFiles/SOS_Blinking_Morse_Code.dir/C_/Users/Lucas/.pico-sdk/sdk/2.1.0/src/rp2_common/pico_divider/divider_hardware.S.obj
 .debug_info    0x000149c9       0x23 CMakeFiles/SOS_Blinking_Morse_Code.dir/C_/Users/Lucas/.pico-sdk/sdk/2.1.0/src/rp2_common/pico_double/double_aeabi_rp2040.S.obj
 .debug_info    0x000149ec      0x2d0 CMakeFiles/SOS_Blinking_Morse_Code.dir/C_/Users/Lucas/.pico-sdk/sdk/2.1.0/src/rp2_common/pico_double/double_init_rom_rp2040.c.obj
 .debug_info    0x00014cbc       0x24 CMakeFiles/SOS_Blinking_Morse_Code.dir/C_/Users/Lucas/.pico-sdk/sdk/2.1.0/src/rp2_common/pico_double/double_v1_rom_shim_rp2040.S.obj
 .debug_info    0x00014ce0       0x24 CMakeFiles/SOS_Blinking_Morse_Code.dir/C_/Users/Lucas/.pico-sdk/sdk/2.1.0/src/rp2_common/pico_int64_ops/pico_int64_ops_aeabi.S.obj
 .debug_info    0x00014d04       0x23 CMakeFiles/SOS_Blinking_Morse_Code.dir/C_/Users/Lucas/.pico-sdk/sdk/2.1.0/src/rp2_common/pico_float/float_aeabi_rp2040.S.obj
 .debug_info    0x00014d27      0x2bc CMakeFiles/SOS_Blinking_Morse_Code.dir/C_/Users/Lucas/.pico-sdk/sdk/2.1.0/src/rp2_common/pico_float/float_init_rom_rp2040.c.obj
 .debug_info    0x00014fe3       0x23 CMakeFiles/SOS_Blinking_Morse_Code.dir/C_/Users/Lucas/.pico-sdk/sdk/2.1.0/src/rp2_common/pico_mem_ops/mem_ops_aeabi.S.obj
 .debug_info    0x00015006      0x2e2 CMakeFiles/SOS_Blinking_Morse_Code.dir/C_/Users/Lucas/.pico-sdk/sdk/2.1.0/src/rp2_common/pico_standard_binary_info/standard_binary_info.c.obj
 .debug_info    0x000152e8     0x211a CMakeFiles/SOS_Blinking_Morse_Code.dir/C_/Users/Lucas/.pico-sdk/sdk/2.1.0/src/rp2_common/pico_printf/printf.c.obj
 .debug_info    0x00017402       0x23 CMakeFiles/SOS_Blinking_Morse_Code.dir/C_/Users/Lucas/.pico-sdk/sdk/2.1.0/src/rp2_common/pico_crt0/crt0.S.obj
 .debug_info    0x00017425      0xb54 CMakeFiles/SOS_Blinking_Morse_Code.dir/C_/Users/Lucas/.pico-sdk/sdk/2.1.0/src/rp2_common/pico_clib_interface/newlib_interface.c.obj
 .debug_info    0x00017f79     0x1d07 CMakeFiles/SOS_Blinking_Morse_Code.dir/C_/Users/Lucas/.pico-sdk/sdk/2.1.0/src/rp2_common/pico_stdio/stdio.c.obj
 .debug_info    0x00019c80      0x201 CMakeFiles/SOS_Blinking_Morse_Code.dir/C_/Users/Lucas/.pico-sdk/sdk/2.1.0/src/rp2_common/pico_unique_id/unique_id.c.obj
 .debug_info    0x00019e81     0x12f3 CMakeFiles/SOS_Blinking_Morse_Code.dir/C_/Users/Lucas/.pico-sdk/sdk/2.1.0/src/rp2_common/hardware_flash/flash.c.obj

.debug_abbrev   0x00000000     0x4f73
 .debug_abbrev  0x00000000      0x28d CMakeFiles/SOS_Blinking_Morse_Code.dir/SOS_Blinking_Morse_Code.c.obj
 .debug_abbrev  0x0000028d      0x4f9 CMakeFiles/SOS_Blinking_Morse_Code.dir/C_/Users/Lucas/.pico-sdk/sdk/2.1.0/src/rp2_common/hardware_gpio/gpio.c.obj
 .debug_abbrev  0x00000786      0x12b CMakeFiles/SOS_Blinking_Morse_Code.dir/C_/Users/Lucas/.pico-sdk/sdk/2.1.0/src/rp2_common/pico_platform_panic/panic.c.obj
 .debug_abbrev  0x000008b1      0x33b CMakeFiles/SOS_Blinking_Morse_Code.dir/C_/Users/Lucas/.pico-sdk/sdk/2.1.0/src/common/hardware_claim/claim.c.obj
 .debug_abbrev  0x00000bec      0x20d CMakeFiles/SOS_Blinking_Morse_Code.dir/C_/Users/Lucas/.pico-sdk/sdk/2.1.0/src/rp2_common/hardware_sync/sync.c.obj
 .debug_abbrev  0x00000df9      0x1bb CMakeFiles/SOS_Blinking_Morse_Code.dir/C_/Users/Lucas/.pico-sdk/sdk/2.1.0/src/rp2_common/hardware_sync_spin_lock/sync_spin_lock.c.obj
 .debug_abbrev  0x00000fb4      0x5ff CMakeFiles/SOS_Blinking_Morse_Code.dir/C_/Users/Lucas/.pico-sdk/sdk/2.1.0/src/rp2_common/hardware_irq/irq.c.obj
 .debug_abbrev  0x000015b3       0xee CMakeFiles/SOS_Blinking_Morse_Code.dir/C_/Users/Lucas/.pico-sdk/sdk/2.1.0/src/common/pico_sync/lock_core.c.obj
 .debug_abbrev  0x000016a1      0x48c CMakeFiles/SOS_Blinking_Morse_Code.dir/C_/Users/Lucas/.pico-sdk/sdk/2.1.0/src/common/pico_sync/mutex.c.obj
 .debug_abbrev  0x00001b2d      0x67b CMakeFiles/SOS_Blinking_Morse_Code.dir/C_/Users/Lucas/.pico-sdk/sdk/2.1.0/src/common/pico_time/time.c.obj
 .debug_abbrev  0x000021a8      0x4f2 CMakeFiles/SOS_Blinking_Morse_Code.dir/C_/Users/Lucas/.pico-sdk/sdk/2.1.0/src/rp2_common/hardware_timer/timer.c.obj
 .debug_abbrev  0x0000269a      0x4e2 CMakeFiles/SOS_Blinking_Morse_Code.dir/C_/Users/Lucas/.pico-sdk/sdk/2.1.0/src/rp2_common/hardware_clocks/clocks.c.obj
 .debug_abbrev  0x00002b7c      0x1d2 CMakeFiles/SOS_Blinking_Morse_Code.dir/C_/Users/Lucas/.pico-sdk/sdk/2.1.0/src/rp2_common/hardware_pll/pll.c.obj
 .debug_abbrev  0x00002d4e      0x145 CMakeFiles/SOS_Blinking_Morse_Code.dir/C_/Users/Lucas/.pico-sdk/sdk/2.1.0/src/rp2_common/hardware_ticks/ticks.c.obj
 .debug_abbrev  0x00002e93      0x1d7 CMakeFiles/SOS_Blinking_Morse_Code.dir/C_/Users/Lucas/.pico-sdk/sdk/2.1.0/src/rp2_common/pico_bootrom/bootrom.c.obj
 .debug_abbrev  0x0000306a      0x11b CMakeFiles/SOS_Blinking_Morse_Code.dir/C_/Users/Lucas/.pico-sdk/sdk/2.1.0/src/rp2_common/hardware_xosc/xosc.c.obj
 .debug_abbrev  0x00003185      0x182 CMakeFiles/SOS_Blinking_Morse_Code.dir/C_/Users/Lucas/.pico-sdk/sdk/2.1.0/src/rp2_common/pico_runtime/runtime.c.obj
 .debug_abbrev  0x00003307      0x222 CMakeFiles/SOS_Blinking_Morse_Code.dir/C_/Users/Lucas/.pico-sdk/sdk/2.1.0/src/rp2_common/pico_runtime_init/runtime_init.c.obj
 .debug_abbrev  0x00003529      0x294 CMakeFiles/SOS_Blinking_Morse_Code.dir/C_/Users/Lucas/.pico-sdk/sdk/2.1.0/src/rp2_common/pico_runtime_init/runtime_init_clocks.c.obj
 .debug_abbrev  0x000037bd       0x12 CMakeFiles/SOS_Blinking_Morse_Code.dir/C_/Users/Lucas/.pico-sdk/sdk/2.1.0/src/rp2_common/pico_bit_ops/bit_ops_aeabi.S.obj
 .debug_abbrev  0x000037cf       0x12 CMakeFiles/SOS_Blinking_Morse_Code.dir/C_/Users/Lucas/.pico-sdk/sdk/2.1.0/src/rp2_common/pico_divider/divider_hardware.S.obj
 .debug_abbrev  0x000037e1       0x12 CMakeFiles/SOS_Blinking_Morse_Code.dir/C_/Users/Lucas/.pico-sdk/sdk/2.1.0/src/rp2_common/pico_double/double_aeabi_rp2040.S.obj
 .debug_abbrev  0x000037f3      0x1bb CMakeFiles/SOS_Blinking_Morse_Code.dir/C_/Users/Lucas/.pico-sdk/sdk/2.1.0/src/rp2_common/pico_double/double_init_rom_rp2040.c.obj
 .debug_abbrev  0x000039ae       0x14 CMakeFiles/SOS_Blinking_Morse_Code.dir/C_/Users/Lucas/.pico-sdk/sdk/2.1.0/src/rp2_common/pico_double/double_v1_rom_shim_rp2040.S.obj
 .debug_abbrev  0x000039c2       0x14 CMakeFiles/SOS_Blinking_Morse_Code.dir/C_/Users/Lucas/.pico-sdk/sdk/2.1.0/src/rp2_common/pico_int64_ops/pico_int64_ops_aeabi.S.obj
 .debug_abbrev  0x000039d6       0x12 CMakeFiles/SOS_Blinking_Morse_Code.dir/C_/Users/Lucas/.pico-sdk/sdk/2.1.0/src/rp2_common/pico_float/float_aeabi_rp2040.S.obj
 .debug_abbrev  0x000039e8      0x19e CMakeFiles/SOS_Blinking_Morse_Code.dir/C_/Users/Lucas/.pico-sdk/sdk/2.1.0/src/rp2_common/pico_float/float_init_rom_rp2040.c.obj
 .debug_abbrev  0x00003b86       0x12 CMakeFiles/SOS_Blinking_Morse_Code.dir/C_/Users/Lucas/.pico-sdk/sdk/2.1.0/src/rp2_common/pico_mem_ops/mem_ops_aeabi.S.obj
 .debug_abbrev  0x00003b98       0xb8 CMakeFiles/SOS_Blinking_Morse_Code.dir/C_/Users/Lucas/.pico-sdk/sdk/2.1.0/src/rp2_common/pico_standard_binary_info/standard_binary_info.c.obj
 .debug_abbrev  0x00003c50      0x525 CMakeFiles/SOS_Blinking_Morse_Code.dir/C_/Users/Lucas/.pico-sdk/sdk/2.1.0/src/rp2_common/pico_printf/printf.c.obj
 .debug_abbrev  0x00004175       0x12 CMakeFiles/SOS_Blinking_Morse_Code.dir/C_/Users/Lucas/.pico-sdk/sdk/2.1.0/src/rp2_common/pico_crt0/crt0.S.obj
 .debug_abbrev  0x00004187      0x352 CMakeFiles/SOS_Blinking_Morse_Code.dir/C_/Users/Lucas/.pico-sdk/sdk/2.1.0/src/rp2_common/pico_clib_interface/newlib_interface.c.obj
 .debug_abbrev  0x000044d9      0x5eb CMakeFiles/SOS_Blinking_Morse_Code.dir/C_/Users/Lucas/.pico-sdk/sdk/2.1.0/src/rp2_common/pico_stdio/stdio.c.obj
 .debug_abbrev  0x00004ac4      0x153 CMakeFiles/SOS_Blinking_Morse_Code.dir/C_/Users/Lucas/.pico-sdk/sdk/2.1.0/src/rp2_common/pico_unique_id/unique_id.c.obj
 .debug_abbrev  0x00004c17      0x35c CMakeFiles/SOS_Blinking_Morse_Code.dir/C_/Users/Lucas/.pico-sdk/sdk/2.1.0/src/rp2_common/hardware_flash/flash.c.obj

.debug_loclists
                0x00000000     0xfd04
 .debug_loclists
                0x00000000      0x2fd CMakeFiles/SOS_Blinking_Morse_Code.dir/SOS_Blinking_Morse_Code.c.obj
 .debug_loclists
                0x000002fd     0x1a03 CMakeFiles/SOS_Blinking_Morse_Code.dir/C_/Users/Lucas/.pico-sdk/sdk/2.1.0/src/rp2_common/hardware_gpio/gpio.c.obj
 .debug_loclists
                0x00001d00      0x36e CMakeFiles/SOS_Blinking_Morse_Code.dir/C_/Users/Lucas/.pico-sdk/sdk/2.1.0/src/common/hardware_claim/claim.c.obj
 .debug_loclists
                0x0000206e       0xf1 CMakeFiles/SOS_Blinking_Morse_Code.dir/C_/Users/Lucas/.pico-sdk/sdk/2.1.0/src/rp2_common/hardware_sync/sync.c.obj
 .debug_loclists
                0x0000215f       0x7d CMakeFiles/SOS_Blinking_Morse_Code.dir/C_/Users/Lucas/.pico-sdk/sdk/2.1.0/src/rp2_common/hardware_sync_spin_lock/sync_spin_lock.c.obj
 .debug_loclists
                0x000021dc     0x116f CMakeFiles/SOS_Blinking_Morse_Code.dir/C_/Users/Lucas/.pico-sdk/sdk/2.1.0/src/rp2_common/hardware_irq/irq.c.obj
 .debug_loclists
                0x0000334b       0x41 CMakeFiles/SOS_Blinking_Morse_Code.dir/C_/Users/Lucas/.pico-sdk/sdk/2.1.0/src/common/pico_sync/lock_core.c.obj
 .debug_loclists
                0x0000338c      0xafa CMakeFiles/SOS_Blinking_Morse_Code.dir/C_/Users/Lucas/.pico-sdk/sdk/2.1.0/src/common/pico_sync/mutex.c.obj
 .debug_loclists
                0x00003e86     0x24bd CMakeFiles/SOS_Blinking_Morse_Code.dir/C_/Users/Lucas/.pico-sdk/sdk/2.1.0/src/common/pico_time/time.c.obj
 .debug_loclists
                0x00006343     0x1a12 CMakeFiles/SOS_Blinking_Morse_Code.dir/C_/Users/Lucas/.pico-sdk/sdk/2.1.0/src/rp2_common/hardware_timer/timer.c.obj
 .debug_loclists
                0x00007d55     0x28a5 CMakeFiles/SOS_Blinking_Morse_Code.dir/C_/Users/Lucas/.pico-sdk/sdk/2.1.0/src/rp2_common/hardware_clocks/clocks.c.obj
 .debug_loclists
                0x0000a5fa      0x1e0 CMakeFiles/SOS_Blinking_Morse_Code.dir/C_/Users/Lucas/.pico-sdk/sdk/2.1.0/src/rp2_common/hardware_pll/pll.c.obj
 .debug_loclists
                0x0000a7da       0x47 CMakeFiles/SOS_Blinking_Morse_Code.dir/C_/Users/Lucas/.pico-sdk/sdk/2.1.0/src/rp2_common/hardware_ticks/ticks.c.obj
 .debug_loclists
                0x0000a821      0x38a CMakeFiles/SOS_Blinking_Morse_Code.dir/C_/Users/Lucas/.pico-sdk/sdk/2.1.0/src/rp2_common/pico_bootrom/bootrom.c.obj
 .debug_loclists
                0x0000abab       0x48 CMakeFiles/SOS_Blinking_Morse_Code.dir/C_/Users/Lucas/.pico-sdk/sdk/2.1.0/src/rp2_common/hardware_xosc/xosc.c.obj
 .debug_loclists
                0x0000abf3       0x7e CMakeFiles/SOS_Blinking_Morse_Code.dir/C_/Users/Lucas/.pico-sdk/sdk/2.1.0/src/rp2_common/pico_runtime/runtime.c.obj
 .debug_loclists
                0x0000ac71       0xba CMakeFiles/SOS_Blinking_Morse_Code.dir/C_/Users/Lucas/.pico-sdk/sdk/2.1.0/src/rp2_common/pico_runtime_init/runtime_init.c.obj
 .debug_loclists
                0x0000ad2b       0x74 CMakeFiles/SOS_Blinking_Morse_Code.dir/C_/Users/Lucas/.pico-sdk/sdk/2.1.0/src/rp2_common/pico_runtime_init/runtime_init_clocks.c.obj
 .debug_loclists
                0x0000ad9f       0x35 CMakeFiles/SOS_Blinking_Morse_Code.dir/C_/Users/Lucas/.pico-sdk/sdk/2.1.0/src/rp2_common/pico_double/double_init_rom_rp2040.c.obj
 .debug_loclists
                0x0000add4       0x4e CMakeFiles/SOS_Blinking_Morse_Code.dir/C_/Users/Lucas/.pico-sdk/sdk/2.1.0/src/rp2_common/pico_float/float_init_rom_rp2040.c.obj
 .debug_loclists
                0x0000ae22     0x2f65 CMakeFiles/SOS_Blinking_Morse_Code.dir/C_/Users/Lucas/.pico-sdk/sdk/2.1.0/src/rp2_common/pico_printf/printf.c.obj
 .debug_loclists
                0x0000dd87      0x431 CMakeFiles/SOS_Blinking_Morse_Code.dir/C_/Users/Lucas/.pico-sdk/sdk/2.1.0/src/rp2_common/pico_clib_interface/newlib_interface.c.obj
 .debug_loclists
                0x0000e1b8      0xeb2 CMakeFiles/SOS_Blinking_Morse_Code.dir/C_/Users/Lucas/.pico-sdk/sdk/2.1.0/src/rp2_common/pico_stdio/stdio.c.obj
 .debug_loclists
                0x0000f06a      0x3d5 CMakeFiles/SOS_Blinking_Morse_Code.dir/C_/Users/Lucas/.pico-sdk/sdk/2.1.0/src/rp2_common/pico_unique_id/unique_id.c.obj
 .debug_loclists
                0x0000f43f      0x8c5 CMakeFiles/SOS_Blinking_Morse_Code.dir/C_/Users/Lucas/.pico-sdk/sdk/2.1.0/src/rp2_common/hardware_flash/flash.c.obj

.debug_aranges  0x00000000      0xe08
 .debug_aranges
                0x00000000       0x38 CMakeFiles/SOS_Blinking_Morse_Code.dir/SOS_Blinking_Morse_Code.c.obj
 .debug_aranges
                0x00000038      0x120 CMakeFiles/SOS_Blinking_Morse_Code.dir/C_/Users/Lucas/.pico-sdk/sdk/2.1.0/src/rp2_common/hardware_gpio/gpio.c.obj
 .debug_aranges
                0x00000158       0x28 CMakeFiles/SOS_Blinking_Morse_Code.dir/C_/Users/Lucas/.pico-sdk/sdk/2.1.0/src/rp2_common/pico_platform_panic/panic.c.obj
 .debug_aranges
                0x00000180       0x48 CMakeFiles/SOS_Blinking_Morse_Code.dir/C_/Users/Lucas/.pico-sdk/sdk/2.1.0/src/common/hardware_claim/claim.c.obj
 .debug_aranges
                0x000001c8       0x48 CMakeFiles/SOS_Blinking_Morse_Code.dir/C_/Users/Lucas/.pico-sdk/sdk/2.1.0/src/rp2_common/hardware_sync/sync.c.obj
 .debug_aranges
                0x00000210       0x28 CMakeFiles/SOS_Blinking_Morse_Code.dir/C_/Users/Lucas/.pico-sdk/sdk/2.1.0/src/rp2_common/hardware_sync_spin_lock/sync_spin_lock.c.obj
 .debug_aranges
                0x00000238       0xb0 CMakeFiles/SOS_Blinking_Morse_Code.dir/C_/Users/Lucas/.pico-sdk/sdk/2.1.0/src/rp2_common/hardware_irq/irq.c.obj
 .debug_aranges
                0x000002e8       0x20 CMakeFiles/SOS_Blinking_Morse_Code.dir/C_/Users/Lucas/.pico-sdk/sdk/2.1.0/src/common/pico_sync/lock_core.c.obj
 .debug_aranges
                0x00000308       0x98 CMakeFiles/SOS_Blinking_Morse_Code.dir/C_/Users/Lucas/.pico-sdk/sdk/2.1.0/src/common/pico_sync/mutex.c.obj
 .debug_aranges
                0x000003a0       0xe0 CMakeFiles/SOS_Blinking_Morse_Code.dir/C_/Users/Lucas/.pico-sdk/sdk/2.1.0/src/common/pico_time/time.c.obj
 .debug_aranges
                0x00000480       0xf0 CMakeFiles/SOS_Blinking_Morse_Code.dir/C_/Users/Lucas/.pico-sdk/sdk/2.1.0/src/rp2_common/hardware_timer/timer.c.obj
 .debug_aranges
                0x00000570       0x90 CMakeFiles/SOS_Blinking_Morse_Code.dir/C_/Users/Lucas/.pico-sdk/sdk/2.1.0/src/rp2_common/hardware_clocks/clocks.c.obj
 .debug_aranges
                0x00000600       0x28 CMakeFiles/SOS_Blinking_Morse_Code.dir/C_/Users/Lucas/.pico-sdk/sdk/2.1.0/src/rp2_common/hardware_pll/pll.c.obj
 .debug_aranges
                0x00000628       0x30 CMakeFiles/SOS_Blinking_Morse_Code.dir/C_/Users/Lucas/.pico-sdk/sdk/2.1.0/src/rp2_common/hardware_ticks/ticks.c.obj
 .debug_aranges
                0x00000658       0x40 CMakeFiles/SOS_Blinking_Morse_Code.dir/C_/Users/Lucas/.pico-sdk/sdk/2.1.0/src/rp2_common/pico_bootrom/bootrom.c.obj
 .debug_aranges
                0x00000698       0x30 CMakeFiles/SOS_Blinking_Morse_Code.dir/C_/Users/Lucas/.pico-sdk/sdk/2.1.0/src/rp2_common/hardware_xosc/xosc.c.obj
 .debug_aranges
                0x000006c8       0x38 CMakeFiles/SOS_Blinking_Morse_Code.dir/C_/Users/Lucas/.pico-sdk/sdk/2.1.0/src/rp2_common/pico_runtime/runtime.c.obj
 .debug_aranges
                0x00000700       0x48 CMakeFiles/SOS_Blinking_Morse_Code.dir/C_/Users/Lucas/.pico-sdk/sdk/2.1.0/src/rp2_common/pico_runtime_init/runtime_init.c.obj
 .debug_aranges
                0x00000748       0x20 CMakeFiles/SOS_Blinking_Morse_Code.dir/C_/Users/Lucas/.pico-sdk/sdk/2.1.0/src/rp2_common/pico_runtime_init/runtime_init_clocks.c.obj
 .debug_aranges
                0x00000768       0x60 CMakeFiles/SOS_Blinking_Morse_Code.dir/C_/Users/Lucas/.pico-sdk/sdk/2.1.0/src/rp2_common/pico_bit_ops/bit_ops_aeabi.S.obj
 .debug_aranges
                0x000007c8       0x40 CMakeFiles/SOS_Blinking_Morse_Code.dir/C_/Users/Lucas/.pico-sdk/sdk/2.1.0/src/rp2_common/pico_divider/divider_hardware.S.obj
 .debug_aranges
                0x00000808      0x140 CMakeFiles/SOS_Blinking_Morse_Code.dir/C_/Users/Lucas/.pico-sdk/sdk/2.1.0/src/rp2_common/pico_double/double_aeabi_rp2040.S.obj
 .debug_aranges
                0x00000948       0x28 CMakeFiles/SOS_Blinking_Morse_Code.dir/C_/Users/Lucas/.pico-sdk/sdk/2.1.0/src/rp2_common/pico_double/double_init_rom_rp2040.c.obj
 .debug_aranges
                0x00000970       0x20 CMakeFiles/SOS_Blinking_Morse_Code.dir/C_/Users/Lucas/.pico-sdk/sdk/2.1.0/src/rp2_common/pico_double/double_v1_rom_shim_rp2040.S.obj
 .debug_aranges
                0x00000990       0x20 CMakeFiles/SOS_Blinking_Morse_Code.dir/C_/Users/Lucas/.pico-sdk/sdk/2.1.0/src/rp2_common/pico_int64_ops/pico_int64_ops_aeabi.S.obj
 .debug_aranges
                0x000009b0      0x130 CMakeFiles/SOS_Blinking_Morse_Code.dir/C_/Users/Lucas/.pico-sdk/sdk/2.1.0/src/rp2_common/pico_float/float_aeabi_rp2040.S.obj
 .debug_aranges
                0x00000ae0       0x28 CMakeFiles/SOS_Blinking_Morse_Code.dir/C_/Users/Lucas/.pico-sdk/sdk/2.1.0/src/rp2_common/pico_float/float_init_rom_rp2040.c.obj
 .debug_aranges
                0x00000b08       0x38 CMakeFiles/SOS_Blinking_Morse_Code.dir/C_/Users/Lucas/.pico-sdk/sdk/2.1.0/src/rp2_common/pico_mem_ops/mem_ops_aeabi.S.obj
 .debug_aranges
                0x00000b40       0x18 CMakeFiles/SOS_Blinking_Morse_Code.dir/C_/Users/Lucas/.pico-sdk/sdk/2.1.0/src/rp2_common/pico_standard_binary_info/standard_binary_info.c.obj
 .debug_aranges
                0x00000b58       0x90 CMakeFiles/SOS_Blinking_Morse_Code.dir/C_/Users/Lucas/.pico-sdk/sdk/2.1.0/src/rp2_common/pico_printf/printf.c.obj
 .debug_aranges
                0x00000be8       0x28 CMakeFiles/SOS_Blinking_Morse_Code.dir/C_/Users/Lucas/.pico-sdk/sdk/2.1.0/src/rp2_common/pico_crt0/crt0.S.obj
 .debug_aranges
                0x00000c10       0xa0 CMakeFiles/SOS_Blinking_Morse_Code.dir/C_/Users/Lucas/.pico-sdk/sdk/2.1.0/src/rp2_common/pico_clib_interface/newlib_interface.c.obj
 .debug_aranges
                0x00000cb0       0xc8 CMakeFiles/SOS_Blinking_Morse_Code.dir/C_/Users/Lucas/.pico-sdk/sdk/2.1.0/src/rp2_common/pico_stdio/stdio.c.obj
 .debug_aranges
                0x00000d78       0x30 CMakeFiles/SOS_Blinking_Morse_Code.dir/C_/Users/Lucas/.pico-sdk/sdk/2.1.0/src/rp2_common/pico_unique_id/unique_id.c.obj
 .debug_aranges
                0x00000da8       0x60 CMakeFiles/SOS_Blinking_Morse_Code.dir/C_/Users/Lucas/.pico-sdk/sdk/2.1.0/src/rp2_common/hardware_flash/flash.c.obj

.debug_rnglists
                0x00000000     0x2b73
 .debug_rnglists
                0x00000000       0xf1 CMakeFiles/SOS_Blinking_Morse_Code.dir/SOS_Blinking_Morse_Code.c.obj
 .debug_rnglists
                0x000000f1      0x5c7 CMakeFiles/SOS_Blinking_Morse_Code.dir/C_/Users/Lucas/.pico-sdk/sdk/2.1.0/src/rp2_common/hardware_gpio/gpio.c.obj
 .debug_rnglists
                0x000006b8       0x19 CMakeFiles/SOS_Blinking_Morse_Code.dir/C_/Users/Lucas/.pico-sdk/sdk/2.1.0/src/rp2_common/pico_platform_panic/panic.c.obj
 .debug_rnglists
                0x000006d1       0xc5 CMakeFiles/SOS_Blinking_Morse_Code.dir/C_/Users/Lucas/.pico-sdk/sdk/2.1.0/src/common/hardware_claim/claim.c.obj
 .debug_rnglists
                0x00000796       0x67 CMakeFiles/SOS_Blinking_Morse_Code.dir/C_/Users/Lucas/.pico-sdk/sdk/2.1.0/src/rp2_common/hardware_sync/sync.c.obj
 .debug_rnglists
                0x000007fd       0x3d CMakeFiles/SOS_Blinking_Morse_Code.dir/C_/Users/Lucas/.pico-sdk/sdk/2.1.0/src/rp2_common/hardware_sync_spin_lock/sync_spin_lock.c.obj
 .debug_rnglists
                0x0000083a      0x355 CMakeFiles/SOS_Blinking_Morse_Code.dir/C_/Users/Lucas/.pico-sdk/sdk/2.1.0/src/rp2_common/hardware_irq/irq.c.obj
 .debug_rnglists
                0x00000b8f       0x1f CMakeFiles/SOS_Blinking_Morse_Code.dir/C_/Users/Lucas/.pico-sdk/sdk/2.1.0/src/common/pico_sync/lock_core.c.obj
 .debug_rnglists
                0x00000bae      0x32c CMakeFiles/SOS_Blinking_Morse_Code.dir/C_/Users/Lucas/.pico-sdk/sdk/2.1.0/src/common/pico_sync/mutex.c.obj
 .debug_rnglists
                0x00000eda      0x77c CMakeFiles/SOS_Blinking_Morse_Code.dir/C_/Users/Lucas/.pico-sdk/sdk/2.1.0/src/common/pico_time/time.c.obj
 .debug_rnglists
                0x00001656      0x2c6 CMakeFiles/SOS_Blinking_Morse_Code.dir/C_/Users/Lucas/.pico-sdk/sdk/2.1.0/src/rp2_common/hardware_timer/timer.c.obj
 .debug_rnglists
                0x0000191c      0x4ad CMakeFiles/SOS_Blinking_Morse_Code.dir/C_/Users/Lucas/.pico-sdk/sdk/2.1.0/src/rp2_common/hardware_clocks/clocks.c.obj
 .debug_rnglists
                0x00001dc9       0x5c CMakeFiles/SOS_Blinking_Morse_Code.dir/C_/Users/Lucas/.pico-sdk/sdk/2.1.0/src/rp2_common/hardware_pll/pll.c.obj
 .debug_rnglists
                0x00001e25       0x2b CMakeFiles/SOS_Blinking_Morse_Code.dir/C_/Users/Lucas/.pico-sdk/sdk/2.1.0/src/rp2_common/hardware_ticks/ticks.c.obj
 .debug_rnglists
                0x00001e50      0x10c CMakeFiles/SOS_Blinking_Morse_Code.dir/C_/Users/Lucas/.pico-sdk/sdk/2.1.0/src/rp2_common/pico_bootrom/bootrom.c.obj
 .debug_rnglists
                0x00001f5c       0x2b CMakeFiles/SOS_Blinking_Morse_Code.dir/C_/Users/Lucas/.pico-sdk/sdk/2.1.0/src/rp2_common/hardware_xosc/xosc.c.obj
 .debug_rnglists
                0x00001f87       0x3d CMakeFiles/SOS_Blinking_Morse_Code.dir/C_/Users/Lucas/.pico-sdk/sdk/2.1.0/src/rp2_common/pico_runtime/runtime.c.obj
 .debug_rnglists
                0x00001fc4       0x49 CMakeFiles/SOS_Blinking_Morse_Code.dir/C_/Users/Lucas/.pico-sdk/sdk/2.1.0/src/rp2_common/pico_runtime_init/runtime_init.c.obj
 .debug_rnglists
                0x0000200d       0x20 CMakeFiles/SOS_Blinking_Morse_Code.dir/C_/Users/Lucas/.pico-sdk/sdk/2.1.0/src/rp2_common/pico_runtime_init/runtime_init_clocks.c.obj
 .debug_rnglists
                0x0000202d       0x43 CMakeFiles/SOS_Blinking_Morse_Code.dir/C_/Users/Lucas/.pico-sdk/sdk/2.1.0/src/rp2_common/pico_bit_ops/bit_ops_aeabi.S.obj
 .debug_rnglists
                0x00002070       0x2c CMakeFiles/SOS_Blinking_Morse_Code.dir/C_/Users/Lucas/.pico-sdk/sdk/2.1.0/src/rp2_common/pico_divider/divider_hardware.S.obj
 .debug_rnglists
                0x0000209c       0xec CMakeFiles/SOS_Blinking_Morse_Code.dir/C_/Users/Lucas/.pico-sdk/sdk/2.1.0/src/rp2_common/pico_double/double_aeabi_rp2040.S.obj
 .debug_rnglists
                0x00002188       0x1a CMakeFiles/SOS_Blinking_Morse_Code.dir/C_/Users/Lucas/.pico-sdk/sdk/2.1.0/src/rp2_common/pico_double/double_init_rom_rp2040.c.obj
 .debug_rnglists
                0x000021a2       0xdf CMakeFiles/SOS_Blinking_Morse_Code.dir/C_/Users/Lucas/.pico-sdk/sdk/2.1.0/src/rp2_common/pico_float/float_aeabi_rp2040.S.obj
 .debug_rnglists
                0x00002281       0x19 CMakeFiles/SOS_Blinking_Morse_Code.dir/C_/Users/Lucas/.pico-sdk/sdk/2.1.0/src/rp2_common/pico_float/float_init_rom_rp2040.c.obj
 .debug_rnglists
                0x0000229a       0x25 CMakeFiles/SOS_Blinking_Morse_Code.dir/C_/Users/Lucas/.pico-sdk/sdk/2.1.0/src/rp2_common/pico_mem_ops/mem_ops_aeabi.S.obj
 .debug_rnglists
                0x000022bf      0x27c CMakeFiles/SOS_Blinking_Morse_Code.dir/C_/Users/Lucas/.pico-sdk/sdk/2.1.0/src/rp2_common/pico_printf/printf.c.obj
 .debug_rnglists
                0x0000253b       0x1b CMakeFiles/SOS_Blinking_Morse_Code.dir/C_/Users/Lucas/.pico-sdk/sdk/2.1.0/src/rp2_common/pico_crt0/crt0.S.obj
 .debug_rnglists
                0x00002556       0x7f CMakeFiles/SOS_Blinking_Morse_Code.dir/C_/Users/Lucas/.pico-sdk/sdk/2.1.0/src/rp2_common/pico_clib_interface/newlib_interface.c.obj
 .debug_rnglists
                0x000025d5      0x297 CMakeFiles/SOS_Blinking_Morse_Code.dir/C_/Users/Lucas/.pico-sdk/sdk/2.1.0/src/rp2_common/pico_stdio/stdio.c.obj
 .debug_rnglists
                0x0000286c       0x70 CMakeFiles/SOS_Blinking_Morse_Code.dir/C_/Users/Lucas/.pico-sdk/sdk/2.1.0/src/rp2_common/pico_unique_id/unique_id.c.obj
 .debug_rnglists
                0x000028dc      0x297 CMakeFiles/SOS_Blinking_Morse_Code.dir/C_/Users/Lucas/.pico-sdk/sdk/2.1.0/src/rp2_common/hardware_flash/flash.c.obj

.debug_line     0x00000000    0x15b1b
 .debug_line    0x00000000      0x6f1 CMakeFiles/SOS_Blinking_Morse_Code.dir/SOS_Blinking_Morse_Code.c.obj
 .debug_line    0x000006f1     0x1c97 CMakeFiles/SOS_Blinking_Morse_Code.dir/C_/Users/Lucas/.pico-sdk/sdk/2.1.0/src/rp2_common/hardware_gpio/gpio.c.obj